******************************************************************************
                  TI ARM Linker PC v5.2.6                      
******************************************************************************
>> Linked Wed May 17 10:06:57 2017

OUTPUT FILE NAME:   <http_client_demo.out>
ENTRY POINT SYMBOL: "_c_int00"  address: 2000e015


MEMORY CONFIGURATION

         name            origin    length      used     unused   attr    fill
----------------------  --------  ---------  --------  --------  ----  --------
  SRAM_CODE             20004000   00013000  0000b216  00007dea  RW X
  SRAM_DATA             20017000   00019000  000019ee  00017612  RW X


SEGMENT ALLOCATION MAP

run origin  load origin   length   init length attrs members
----------  ----------- ---------- ----------- ----- -------
20004000    20004000    0000b218   0000b218    r-x
  20004000    20004000    00000400   00000400    r-- .intvecs
  20004400    20004400    0000a736   0000a736    r-x .text
  2000eb38    2000eb38    00000650   00000650    r-- .const
  2000f188    2000f188    00000090   00000090    r-- .cinit
20017000    20017000    000011f4   00000000    rw-
  20017000    20017000    00000800   00000000    rw- .sysmem
  20017800    20017800    000007b2   00000000    rw- .bss
  20017fb8    20017fb8    0000023c   00000000    rw- .data
2002f800    2002f800    00000800   00000000    rw-
  2002f800    2002f800    00000800   00000000    rw- .stack


SECTION ALLOCATION MAP

 output                                  attributes/
section   page    origin      length       input sections
--------  ----  ----------  ----------   ----------------
.intvecs   0    20004000    00000400     
                  20004000    00000400     startup_ccs.obj (.intvecs)

.init_array 
*          0    20004000    00000000     UNINITIALIZED

.text      0    20004400    0000a736     
                  20004400    000012c4     main.obj (.text)
                  200056c4    000010a6     rtsv7M4_T_le_eabi.lib : _printfi.obj (.text)
                  2000676a    00000002     driverlib.a : interrupt.obj (.text:IntDefaultHandler)
                  2000676c    00000fc4     webclient.a : httpcli.obj (.text)
                  20007730    000005f0     json.a : jsmn.obj (.text)
                  20007d20    00000590     simplelink.a : driver.obj (.text:_SlDrvMsgRead)
                  200082b0    000003dc     rtsv7M4_T_le_eabi.lib : memory.obj (.text)
                  2000868c    0000039c     gpio_if.obj (.text)
                  20008a28    000002ea     webclient.a : ssock.obj (.text)
                  20008d12    00000002     --HOLE-- [fill = 0]
                  20008d14    00000280     uart_if.obj (.text)
                  20008f94    0000027c     simplelink.a : wlan.obj (.text:sl_WlanConnect)
                  20009210    0000024c                  : driver.obj (.text:_SlDrvRxHdrRead)
                  2000945c    000001f4     rtsv7M4_T_le_eabi.lib : ull_div_t2.obj (.text)
                  20009650    000001e4     simplelink.a : driver.obj (.text:_SlDrvDataReadOp)
                  20009834    000001d0                  : driver.obj (.text:_SlDrvReleasePoolObj)
                  20009a04    000001b6     rtsv7M4_T_le_eabi.lib : fd_add_t2.obj (.text)
                  20009bba    00000002     --HOLE-- [fill = 0]
                  20009bbc    000001b4     simplelink.a : driver.obj (.text:_SlDrvDriverCBInit)
                  20009d70    0000019c                  : driver.obj (.text:_SlDrvMsgWrite)
                  20009f0c    00000190                  : driver.obj (.text:_SlDrvWaitForPoolObj)
                  2000a09c    0000018c                  : socket.obj (.text:sl_Connect)
                  2000a228    00000178     driverlib.a : prcm.obj (.text:PRCMCC3200MCUInit)
                  2000a3a0    00000170     simplelink.a : driver.obj (.text:_SlFindAndSetActiveObj)
                  2000a510    0000015c     button_if.obj (.text)
                  2000a66c    00000150     simplelink.a : driver.obj (.text:_SlDrvDataWriteOp)
                  2000a7bc    00000148                  : cc_pal.obj (.text:spi_Open)
                  2000a904    00000144                  : driver.obj (.text:_SlDrvMsgReadCmdCtx)
                  2000aa48    00000144                  : netapp.obj (.text:sl_NetAppDnsGetHostByName)
                  2000ab8c    00000136     rtsv7M4_T_le_eabi.lib : fd_div_t2.obj (.text)
                  2000acc2    00000002     --HOLE-- [fill = 0]
                  2000acc4    00000134     simplelink.a : socket.obj (.text:sl_Send)
                  2000adf8    00000130                  : driver.obj (.text:_SlDrvDriverCBDeinit)
                  2000af28    00000114     rtsv7M4_T_le_eabi.lib : strtoul.obj (.text)
                  2000b03c    00000110                           : xdscale.obj (.text)
                  2000b14c    00000104     simplelink.a : netapp.obj (.text:_SlDrvNetAppEventHandler)
                  2000b250    000000fc     rtsv7M4_T_le_eabi.lib : fd_mul_t2.obj (.text)
                  2000b34c    000000f0     simplelink.a : device.obj (.text:sl_Stop)
                  2000b43c    000000f0                  : cc_pal.obj (.text:spi_Read)
                  2000b52c    000000f0     driverlib.a : udma.obj (.text:uDMAChannelTransferSet)
                  2000b61c    000000ec     simplelink.a : device.obj (.text:sl_Start)
                  2000b708    000000e8                  : driver.obj (.text:_SlAsyncEventGenericHandler)
                  2000b7f0    000000e8                  : driver.obj (.text:_SlDrvMsgReadSpawnCtx)
                  2000b8d8    000000e4                  : netapp.obj (.text:sl_NetAppMDNSRegisterUnregisterService)
                  2000b9bc    000000dc                  : driver.obj (.text:_SlDrvClassifyRxMsg)
                  2000ba98    000000cc                  : netapp.obj (.text:_sl_HandleAsync_DnsGetHostByService)
                  2000bb64    000000cc                  : device.obj (.text:sl_DevGet)
                  2000bc30    000000c4                  : driver.obj (.text:_SlRemoveFromList)
                  2000bcf4    000000c0                  : driver.obj (.text:_SlDrvCmdOp)
                  2000bdb4    000000be     rtsv7M4_T_le_eabi.lib : xdnorm.obj (.text)
                  2000be72    00000002     --HOLE-- [fill = 0]
                  2000be74    000000b0     simplelink.a : nonos.obj (.text:_SlNonOsSemGet)
                  2000bf24    000000a8     driverlib.a : interrupt.obj (.text:IntDisable)
                  2000bfcc    000000a8                 : interrupt.obj (.text:IntEnable)
                  2000c074    000000a4     simplelink.a : driver.obj (.text:_SlDriverHandleError)
                  2000c118    000000a0     driverlib.a : spi.obj (.text:SPIConfigSetExpClk)
                  2000c1b8    000000a0     simplelink.a : socket.obj (.text:sl_Recv)
                  2000c258    0000009c     rtsv7M4_T_le_eabi.lib : memcpy_t2.obj (.text)
                  2000c2f4    0000009a     simplelink.a : device.obj (.text:_SlDrvDeviceEventHandler)
                  2000c38e    00000002     --HOLE-- [fill = 0]
                  2000c390    00000098     pinmux.obj (.text)
                  2000c428    00000098     simplelink.a : netcfg.obj (.text:sl_NetCfgSet)
                  2000c4c0    00000098                  : socket.obj (.text:sl_SetSockOpt)
                  2000c558    00000098                  : wlan.obj (.text:sl_WlanSet)
                  2000c5f0    00000098                  : cc_pal.obj (.text:spi_Write)
                  2000c688    00000094     driverlib.a : prcm.obj (.text:PRCMPeripheralClockGet)
                  2000c71c    00000090     simplelink.a : netapp.obj (.text:_sl_HandleAsync_DnsGetHostByName)
                  2000c7ac    00000090                  : netapp.obj (.text:_sl_HandleAsync_PingResponse)
                  2000c83c    00000090                  : wlan.obj (.text:sl_WlanPolicySet)
                  2000c8cc    0000008c                  : cc_pal.obj (.text:SetupDMAReceive)
                  2000c958    0000008c                  : cc_pal.obj (.text:SetupDMASend)
                  2000c9e4    0000008c                  : driver.obj (.text:_SlDrvIsTimeoutExpired)
                  2000ca70    0000008c                  : device.obj (.text:_sl_HandleAsync_InitComplete)
                  2000cafc    0000008c                  : socket.obj (.text:sl_Socket)
                  2000cb88    00000088     driverlib.a : pin.obj (.text:PinConfigSet)
                  2000cc10    00000088     rtsv7M4_T_le_eabi.lib : vsnprintf.obj (.text)
                  2000cc98    00000086                           : fd_cmp_t2.obj (.text:__aeabi_cdcmple)
                  2000cd1e    00000086                           : fd_cmp_t2.obj (.text:__aeabi_cdrcmple)
                  2000cda4    00000084     simplelink.a : wlan.obj (.text:sl_WlanRxFilterSet)
                  2000ce28    00000082     driverlib.a : gpio.obj (.text:GPIOIntTypeSet)
                  2000ceaa    00000002     --HOLE-- [fill = 0]
                  2000ceac    00000080     simplelink.a : socket.obj (.text:_sl_HandleAsync_Connect)
                  2000cf2c    00000080                  : cc_pal.obj (.text:spi_Read_CPU)
                  2000cfac    00000080                  : cc_pal.obj (.text:spi_Write_CPU)
                  2000d02c    0000007a     rtsv7M4_T_le_eabi.lib : memset_t2.obj (.text)
                  2000d0a6    00000002     --HOLE-- [fill = 0]
                  2000d0a8    00000078     simplelink.a : cc_pal.obj (.text:spi_Close)
                  2000d120    00000076     driverlib.a : uart.obj (.text:UARTConfigSetExpClk)
                  2000d196    00000002     --HOLE-- [fill = 0]
                  2000d198    00000074     simplelink.a : nonos.obj (.text:_SlNonOsMainLoopTask)
                  2000d20c    0000006c                  : driver.obj (.text:_SlDrvCmdSend)
                  2000d278    0000006c                  : netapp.obj (.text:_sl_NetAppSendTokenValue)
                  2000d2e4    0000006c     rtsv7M4_T_le_eabi.lib : autoinit.obj (.text)
                  2000d350    0000006a                           : copy_decompress_rle.obj (.text)
                  2000d3ba    00000066                           : xdunscal.obj (.text)
                  2000d420    00000064     simplelink.a : nonos.obj (.text:_SlNonOsSpawn)
                  2000d484    00000064                  : socket.obj (.text:_sl_HandleAsync_Accept)
                  2000d4e8    00000064                  : netapp.obj (.text:sl_NetAppMDNSUnRegisterService)
                  2000d54c    00000064     driverlib.a : udma.obj (.text:uDMAChannelAttributeDisable)
                  2000d5b0    00000064                 : udma.obj (.text:uDMAChannelAttributeEnable)
                  2000d614    00000060     simplelink.a : socket.obj (.text:sl_Close)
                  2000d674    00000060                  : wlan.obj (.text:sl_WlanProfileDel)
                  2000d6d4    00000060                  : wlan.obj (.text:sl_WlanSetMode)
                  2000d734    00000058     driverlib.a : interrupt.obj (.text:IntPendClear)
                  2000d78c    00000058                 : prcm.obj (.text:PRCMPeripheralReset)
                  2000d7e4    00000056     rtsv7M4_T_le_eabi.lib : ltoa.obj (.text)
                  2000d83a    00000002     --HOLE-- [fill = 0]
                  2000d83c    00000054     driverlib.a : interrupt.obj (.text:IntPrioritySet)
                  2000d890    00000054     simplelink.a : driver.obj (.text:_SlDrvRxIrqHandler)
                  2000d8e4    00000054                  : socket.obj (.text:_sl_HandleAsync_Select)
                  2000d938    00000050                  : device.obj (.text:_sl_HandleAsync_Stop)
                  2000d988    0000004c     driverlib.a : spi.obj (.text:SPIIntEnable)
                  2000d9d4    0000004c                 : spi.obj (.text:SPIIntNumberGet)
                  2000da20    0000004c     simplelink.a : driver.obj (.text:_SlDrvProtectAsyncRespSetting)
                  2000da6c    0000004c                  : socket.obj (.text:_sl_BuildAddress)
                  2000dab8    0000004c     rtsv7M4_T_le_eabi.lib : atoi.obj (.text)
                  2000db04    0000004c                           : cpy_tbl.obj (.text)
                  2000db50    0000004c     driverlib.a : udma.obj (.text:uDMAChannelAssign)
                  2000db9c    00000048                 : gpio.obj (.text:GPIOGetIntNumber)
                  2000dbe4    00000048                 : spi.obj (.text:SPIIntClear)
                  2000dc2c    00000048     simplelink.a : driver.obj (.text:_SlDrvBasicCmd)
                  2000dc74    00000048     rtsv7M4_T_le_eabi.lib : fd_toi_t2.obj (.text)
                  2000dcbc    00000046                           : ldexp.obj (.text)
                  2000dd02    00000002     --HOLE-- [fill = 0]
                  2000dd04    00000044     driverlib.a : spi.obj (.text:SPIDmaMaskGet)
                  2000dd48    00000044                 : timer.obj (.text:TimerConfigure)
                  2000dd8c    00000044     simplelink.a : driver.obj (.text:_SlDrvSyncObjWaitTimeout)
                  2000ddd0    00000044                  : cc_pal.obj (.text:cc_SetupTransfer)
                  2000de14    00000044     rtsv7M4_T_le_eabi.lib : exit.obj (.text)
                  2000de58    00000042     simplelink.a : socket.obj (.text:sl_Htonl)
                  2000de9a    00000002     --HOLE-- [fill = 0]
                  2000de9c    00000040     driverlib.a : pin.obj (.text:PinModeSet)
                  2000dedc    00000040     simplelink.a : socket.obj (.text:_sl_TruncatePayloadByProtocol)
                  2000df1c    00000040     rtsv7M4_T_le_eabi.lib : signal.obj (.text)
                  2000df5c    0000003e     simplelink.a : cc_pal.obj (.text:NwpRegisterInterruptHandler)
                  2000df9a    0000003c                  : netapp.obj (.text:CopyPingResultsToReport)
                  2000dfd6    00000002     --HOLE-- [fill = 0]
                  2000dfd8    0000003c     driverlib.a : prcm.obj (.text:PRCMPeripheralClkEnable)
                  2000e014    0000003c     rtsv7M4_T_le_eabi.lib : boot.obj (.text)
                  2000e050    0000003c     simplelink.a : cc_pal.obj (.text:simplelink_timerA2_start)
                  2000e08c    0000003c                  : socket.obj (.text:sl_Htons)
                  2000e0c8    0000003c     driverlib.a : udma.obj (.text:uDMAChannelControlSet)
                  2000e104    00000038     simplelink.a : cc_pal.obj (.text:NwpPowerOff)
                  2000e13c    00000038                  : wlan.obj (.text:sl_WlanDisconnect)
                  2000e174    00000036     driverlib.a : gpio.obj (.text:GPIODirModeSet)
                  2000e1aa    00000002     --HOLE-- [fill = 0]
                  2000e1ac    00000034                 : prcm.obj (.text:PRCMPeripheralStatusGet)
                  2000e1e0    00000034                 : spi.obj (.text:SPIFIFOLevelSet)
                  2000e214    00000034     rtsv7M4_T_le_eabi.lib : feraiseexcept.obj (.text)
                  2000e248    00000030     driverlib.a : pin.obj (.text:PinTypeGPIO)
                  2000e278    00000030                 : uart.obj (.text:UARTDisable)
                  2000e2a8    00000030     rtsv7M4_T_le_eabi.lib : xferaise.obj (.text)
                  2000e2d8    0000002e                           : i_tofd_t2.obj (.text)
                  2000e306    0000002e                           : raise.obj (.text)
                  2000e334    0000002c     simplelink.a : cc_pal.obj (.text:NwpPowerOn)
                  2000e360    0000002c     driverlib.a : prcm.obj (.text:PRCMSysResetCauseGet)
                  2000e38c    0000002c     simplelink.a : driver.obj (.text:_SlDrvObjGlobalLockWaitForever)
                  2000e3b8    0000002c                  : driver.obj (.text:_SlDrvProtectionObjLockWaitForever)
                  2000e3e4    0000002a     driverlib.a : timer.obj (.text:TimerLoadSet)
                  2000e40e    0000002a                 : timer.obj (.text:TimerPrescaleSet)
                  2000e438    0000002a     rtsv7M4_T_le_eabi.lib : xdclass.obj (.text)
                  2000e462    00000002     --HOLE-- [fill = 0]
                  2000e464    00000028     driverlib.a : prcm.obj (.text:PRCMPeripheralClkDisable)
                  2000e48c    00000028     simplelink.a : driver.obj (.text:_SlDrvGlobalObjUnLock)
                  2000e4b4    00000028                  : driver.obj (.text:_SlDrvProtectionObjUnLock)
                  2000e4dc    00000028                  : driver.obj (.text:_SlDrvSyncObjWaitForever)
                  2000e504    00000026                  : driver.obj (.text:_SlDrvObjLockWaitForever)
                  2000e52a    00000026     rtsv7M4_T_le_eabi.lib : strncmp.obj (.text)
                  2000e550    00000024     simplelink.a : cc_pal.obj (.text:DmaSpiSwIntHandler)
                  2000e574    00000024     driverlib.a : interrupt.obj (.text:IntUnregister)
                  2000e598    00000024                 : uart.obj (.text:UARTEnable)
                  2000e5bc    00000024     rtsv7M4_T_le_eabi.lib : memmov.obj (.text)
                  2000e5e0    00000022     driverlib.a : gpio.obj (.text:GPIOIntStatus)
                  2000e602    00000022                 : spi.obj (.text:SPIReset)
                  2000e624    00000022                 : spi.obj (.text:SPIWordCountSet)
                  2000e646    00000022     rtsv7M4_T_le_eabi.lib : frexp.obj (.text)
                  2000e668    00000020     driverlib.a : gpio.obj (.text:GPIOPinWrite)
                  2000e688    00000020                 : interrupt.obj (.text:IntRegister)
                  2000e6a8    00000020     simplelink.a : cc_pal.obj (.text:NwpPrePowerOffTimout0)
                  2000e6c8    00000020                  : cc_pal.obj (.text:TimerGetCurrentTimestamp)
                  2000e6e8    00000020                  : driver.obj (.text:_SlDrvObjUnLock)
                  2000e708    00000020                  : driver.obj (.text:_SlDrvSyncObjSignal)
                  2000e728    0000001e     driverlib.a : gpio.obj (.text:GPIOIntRegister)
                  2000e746    0000001e                 : timer.obj (.text:TimerEnable)
                  2000e764    0000001e                 : uart.obj (.text:UARTCharPut)
                  2000e782    0000001e     simplelink.a : cc_pal.obj (.text:cc_UDMAChannelSelect)
                  2000e7a0    0000001c     driverlib.a : timer.obj (.text:TimerValueGet)
                  2000e7bc    0000001c                 : uart.obj (.text:UARTCharGetNonBlocking)
                  2000e7d8    0000001c     simplelink.a : driver.obj (.text:_SlDrvStartMeasureTimeout)
                  2000e7f4    0000001c     rtsv7M4_T_le_eabi.lib : memccpy.obj (.text)
                  2000e810    0000001c     driverlib.a : udma.obj (.text:uDMAChannelEnable)
                  2000e82c    0000001a                 : gpio.obj (.text:GPIOIntDisable)
                  2000e846    0000001a                 : gpio.obj (.text:GPIOIntEnable)
                  2000e860    0000001a                 : pin.obj (.text:PinTypeUART)
                  2000e87a    0000001a                 : spi.obj (.text:SPIDmaDisable)
                  2000e894    0000001a                 : spi.obj (.text:SPIDmaEnable)
                  2000e8ae    0000001a                 : spi.obj (.text:SPIFIFODisable)
                  2000e8c8    0000001a                 : spi.obj (.text:SPIFIFOEnable)
                  2000e8e2    0000001a                 : spi.obj (.text:SPIIntUnregister)
                  2000e8fc    00000018                 : gpio.obj (.text:GPIOPinRead)
                  2000e914    00000018                 : spi.obj (.text:SPICSDisable)
                  2000e92c    00000018                 : spi.obj (.text:SPICSEnable)
                  2000e944    00000018                 : spi.obj (.text:SPIDisable)
                  2000e95c    00000018                 : spi.obj (.text:SPIEnable)
                  2000e974    00000018                 : uart.obj (.text:UARTCharsAvail)
                  2000e98c    00000018     simplelink.a : nonos.obj (.text:_SlNonOsSemSet)
                  2000e9a4    00000018                  : device.obj (.text:_sl_GetStartResponseConvert)
                  2000e9bc    00000018     rtsv7M4_T_le_eabi.lib : args_main.obj (.text)
                  2000e9d4    00000018                           : strcmp.obj (.text)
                  2000e9ec    00000016     driverlib.a : prcm.obj (.text:PRCMHIBRegRead)
                  2000ea02    00000016                 : prcm.obj (.text:PRCMHIBRegWrite)
                  2000ea18    00000016     simplelink.a : driver.obj (.text:_SlDrvMemZero)
                  2000ea2e    00000016     rtsv7M4_T_le_eabi.lib : strchr.obj (.text)
                  2000ea44    00000014     driverlib.a : cpu.obj (.text:CPUcpsie)
                  2000ea58    00000014                 : gpio.obj (.text:GPIOIntClear)
                  2000ea6c    00000014                 : interrupt.obj (.text:IntVTableBaseSet)
                  2000ea80    00000014     rtsv7M4_T_le_eabi.lib : _lock.obj (.text)
                  2000ea94    00000014                           : strcpy.obj (.text)
                  2000eaa8    00000014                           : strlen.obj (.text)
                  2000eabc    00000010     simplelink.a : driver.obj (.text:_SlDrvDispatchHttpServerEvents)
                  2000eacc    0000000e                  : driver.obj (.text:_SlDrvResetCmdExt)
                  2000eada    0000000e     rtsv7M4_T_le_eabi.lib : copy_decompress_none.obj (.text:decompress:none)
                  2000eae8    0000000e     startup_ccs.obj (.text)
                  2000eaf6    00000002     --HOLE-- [fill = 0]
                  2000eaf8    0000000c     simplelink.a : cc_pal.obj (.text:NwpMaskInterrupt)
                  2000eb04    0000000c                  : cc_pal.obj (.text:NwpUnMaskInterrupt)
                  2000eb10    0000000c     rtsv7M4_T_le_eabi.lib : copy_zero_init.obj (.text:decompress:ZI)
                  2000eb1c    0000000a     driverlib.a : interrupt.obj (.text:IntMasterEnable)
                  2000eb26    00000006                 : utils.obj (.text:UtilsDelay)
                  2000eb2c    00000006     rtsv7M4_T_le_eabi.lib : copy_decompress_rle.obj (.text:decompress:rle24)
                  2000eb32    00000004                           : pre_init.obj (.text)

.const     0    2000eb38    00000650     
                  2000eb38    00000101     rtsv7M4_T_le_eabi.lib : ctype.obj (.const:.string:_ctypes_)
                  2000ec39    00000003     --HOLE-- [fill = 0]
                  2000ec3c    00000100     driverlib.a : pin.obj (.const:g_ulPinToPadMap)
                  2000ed3c    000000d4                 : interrupt.obj (.const:g_pulRegs)
                  2000ee10    000000a8                 : prcm.obj (.const:PRCM_PeriphRegsList)
                  2000eeb8    00000080                 : interrupt.obj (.const)
                  2000ef38    00000040     main.obj (.const)
                  2000ef78    0000003e     main.obj (.const:.string)
                  2000efb6    0000003c     simplelink.a : driver.obj (.const:OpcodeTranslateTable)
                  2000eff2    00000002     --HOLE-- [fill = 0]
                  2000eff4    00000038                  : driver.obj (.const:_SlActionLookupTable)
                  2000f02c    0000002c     main.obj (.const:$P$T1$2)
                  2000f058    00000024     driverlib.a : spi.obj (.const:g_ppulSPIIntMap)
                  2000f07c    00000022     main.obj (.const:.string:$P$T0$1)
                  2000f09e    00000002     --HOLE-- [fill = 0]
                  2000f0a0    00000020     simplelink.a : driver.obj (.const:RxMsgClassLUT)
                  2000f0c0    00000018     driverlib.a : spi.obj (.const)
                  2000f0d8    00000014     simplelink.a : driver.obj (.const:$P$T0$1)
                  2000f0ec    00000014                  : nonos.obj (.const:$P$T0$1)
                  2000f100    00000010                  : socket.obj (.const:.string:_SlPayloadByProtocolLUT)
                  2000f110    00000010     webclient.a : httpcli.obj (.const)
                  2000f120    00000008                 : httpcli.obj (.const:.string)
                  2000f128    00000008     simplelink.a : device.obj (.const:StartResponseLUT)
                  2000f130    00000008                  : driver.obj (.const:g_H2NCnysPattern)
                  2000f138    00000008                  : driver.obj (.const:g_H2NSyncPattern)
                  2000f140    00000004                  : wlan.obj (.const:$P$T0$1)
                  2000f144    00000004                  : socket.obj (.const:$P$T2$3)
                  2000f148    00000004                  : device.obj (.const:_SlDeviceGetCmdCtrl)
                  2000f14c    00000004                  : netapp.obj (.const:_SlGetHostByNameCtrl)
                  2000f150    00000004                  : netapp.obj (.const:_SlNetAppSendTokenValueCmdCtrl)
                  2000f154    00000004                  : netcfg.obj (.const:_SlNetCfgSetCmdCtrl)
                  2000f158    00000004                  : wlan.obj (.const:_SlPolicySetCmdCtrl)
                  2000f15c    00000004                  : wlan.obj (.const:_SlProfileDelCmdCtrl)
                  2000f160    00000004                  : socket.obj (.const:_SlRecvCmdCtrl)
                  2000f164    00000004                  : netapp.obj (.const:_SlRegisterServiceCtrl)
                  2000f168    00000004                  : wlan.obj (.const:_SlRxFilterSetCmdCtrl)
                  2000f16c    00000004                  : socket.obj (.const:_SlSendCmdCtrl)
                  2000f170    00000004                  : socket.obj (.const:_SlSetSockOptCmdCtrl)
                  2000f174    00000004                  : socket.obj (.const:_SlSockCloseCmdCtrl)
                  2000f178    00000004                  : socket.obj (.const:_SlSockSocketCmdCtrl)
                  2000f17c    00000004                  : device.obj (.const:_SlStopCmdCtrl)
                  2000f180    00000004                  : wlan.obj (.const:_SlWlanCfgSetCmdCtrl)
                  2000f184    00000004                  : wlan.obj (.const:_SlWlanSetModeCmdCtrl)

.cinit     0    2000f188    00000090     
                  2000f188    00000069     (.cinit..data.load) [load image, compression = rle]
                  2000f1f1    00000003     --HOLE-- [fill = 0]
                  2000f1f4    0000000c     (__TI_handler_table)
                  2000f200    00000008     (.cinit..bss.load) [load image, compression = zero_init]
                  2000f208    00000010     (__TI_cinit_table)

.sysmem    0    20017000    00000800     UNINITIALIZED
                  20017000    00000008     rtsv7M4_T_le_eabi.lib : memory.obj (.sysmem)
                  20017008    000007f8     --HOLE--

.bss       0    20017800    000007b2     UNINITIALIZED
                  20017800    000005b8     main.obj (.bss:g_buff)
                  20017db8    00000168     simplelink.a : driver.obj (.bss:g_StatMem)
                  20017f20    00000050     (.common:g_ucDinDout)
                  20017f70    00000024     main.obj (.bss:g_ucConnectionSSID)
                  20017f94    00000008     (.common:g_ucConnectionBSSID)
                  20017f9c    00000004     (.common:__Errorlog)
                  20017fa0    00000004     (.common:g_S2InterruptHdl)
                  20017fa4    00000004     (.common:g_S3InterruptHdl)
                  20017fa8    00000004     (.common:g_ulDestinationIP)
                  20017fac    00000001     (.common:RxIrqCnt)
                  20017fad    00000001     (.common:g_bDeviceRestartIsRequired)
                  20017fae    00000001     (.common:g_cDummy)
                  20017faf    00000001     (.common:g_ucLED1Pin)
                  20017fb0    00000001     (.common:g_ucLED2Pin)
                  20017fb1    00000001     (.common:g_ucLED3Pin)

.TI.noinit 
*          0    20017800    00000000     UNINITIALIZED

.data      0    20017fb8    0000023c     UNINITIALIZED
                  20017fb8    000000b0     rtsv7M4_T_le_eabi.lib : signal.obj (.data:sigtable)
                  20018068    00000080                           : xvalues.obj (.data)
                  200180e8    00000048     webclient.a : httpcli.obj (.data:tlsParams)
                  20018130    0000003c     simplelink.a : nonos.obj (.data:g__SlNonOsCB)
                  2001816c    00000020     gpio_if.obj (.data)
                  2001818c    00000010     main.obj (.data)
                  2001819c    00000010     webclient.a : httpcli.obj (.data)
                  200181ac    0000000d     simplelink.a : driver.obj (.data)
                  200181b9    00000003     --HOLE--
                  200181bc    0000000c     rtsv7M4_T_le_eabi.lib : memory.obj (.data)
                  200181c8    00000009     simplelink.a : cc_pal.obj (.data)
                  200181d1    00000003     --HOLE--
                  200181d4    00000008     rtsv7M4_T_le_eabi.lib : _lock.obj (.data)
                  200181dc    00000008                           : exit.obj (.data)
                  200181e4    00000008                           : feraiseexcept.obj (.data)
                  200181ec    00000004                           : errno.obj (.data)
                  200181f0    00000004                           : stkdepth_vars.obj (.data)

.TI.persistent 
*          0    20017fb8    00000000     UNINITIALIZED

.stack     0    2002f800    00000800     UNINITIALIZED
                  2002f800    00000800     --HOLE--


LINKER GENERATED COPY TABLES

__TI_cinit_table @ 2000f208 records: 2, size/record: 8, table size: 16
	.data: load addr=2000f188, load size=00000069 bytes, run addr=20017fb8, run size=0000023c bytes, compression=rle
	.bss: load addr=2000f200, load size=00000008 bytes, run addr=20017800, run size=000007b2 bytes, compression=zero_init


LINKER GENERATED HANDLER TABLE

__TI_handler_table @ 2000f1f4 records: 3, size/record: 4, table size: 12
	index: 0, handler: __TI_decompress_rle24
	index: 1, handler: __TI_decompress_none
	index: 2, handler: __TI_zero_init


GLOBAL SYMBOLS: SORTED ALPHABETICALLY BY Name 

address   name                                  
-------   ----                                  
20005371  Button2InterruptHandler               
2000538d  Button3InterruptHandler               
2000a611  Button_IF_DisableInterrupt            
2000a5c1  Button_IF_EnableInterrupt             
2000a551  Button_IF_Init                        
2000de15  C$$EXIT                               
2000ea45  CPUcpsie                              
20008d55  ClearTerm                             
2000e551  DmaSpiSwIntHandler                    
20008d5f  Error                                 
2000e175  GPIODirModeSet                        
2000ea59  GPIOIntClear                          
2000e82d  GPIOIntDisable                        
2000e847  GPIOIntEnable                         
2000e729  GPIOIntRegister                       
2000e5e1  GPIOIntStatus                         
2000ce29  GPIOIntTypeSet                        
2000e8fd  GPIOPinRead                           
2000e669  GPIOPinWrite                          
2000894d  GPIO_IF_ConfigureNIntEnable           
200089d9  GPIO_IF_Get                           
20008907  GPIO_IF_GetPortNPin                   
200086c9  GPIO_IF_LedConfigure                  
200087bb  GPIO_IF_LedOff                        
20008707  GPIO_IF_LedOn                         
2000886f  GPIO_IF_LedStatus                     
200088d9  GPIO_IF_LedToggle                     
20008995  GPIO_IF_Set                           
2000a531  GPIOs2IntHandler                      
2000a511  GPIOs3IntHandler                      
20008d97  GetCmd                                
20007097  HTTPCli_connect                       
200071b9  HTTPCli_construct                     
20007201  HTTPCli_create                        
20007219  HTTPCli_delete                        
2000724f  HTTPCli_destruct                      
20007297  HTTPCli_disconnect                    
200074cd  HTTPCli_getResponseField              
20007497  HTTPCli_getResponseStatus             
20006f89  HTTPCli_initSockAddr                  
200076dd  HTTPCli_readRawResponseBody           
20007651  HTTPCli_readResponseBody              
20007407  HTTPCli_sendField                     
20007339  HTTPCli_sendRequest                   
2000745f  HTTPCli_sendRequestBody               
2000771d  HTTPCli_setProxy                      
200072cd  HTTPCli_setRequestFields              
200072f3  HTTPCli_setResponseFields             
20007319  HTTPCli_setSecureParams               
20008d15  InitTerm                              
2000bf25  IntDisable                            
2000bfcd  IntEnable                             
2000eb1d  IntMasterEnable                       
2000d735  IntPendClear                          
2000d83d  IntPrioritySet                        
2000e689  IntRegister                           
2000e575  IntUnregister                         
2000ea6d  IntVTableBaseSet                      
20008d33  Message                               
2000eaf9  NwpMaskInterrupt                      
2000e105  NwpPowerOff                           
2000e335  NwpPowerOn                            
2000e6a9  NwpPrePowerOffTimout0                 
2000df5d  NwpRegisterInterruptHandler           
2000eb05  NwpUnMaskInterrupt                    
2000efb6  OpcodeTranslateTable                  
2000a229  PRCMCC3200MCUInit                     
2000e9ed  PRCMHIBRegRead                        
2000ea03  PRCMHIBRegWrite                       
2000e465  PRCMPeripheralClkDisable              
2000dfd9  PRCMPeripheralClkEnable               
2000c689  PRCMPeripheralClockGet                
2000d78d  PRCMPeripheralReset                   
2000e1ad  PRCMPeripheralStatusGet               
2000e361  PRCMSysResetCauseGet                  
20004d8f  ParseJSONData                         
2000cb89  PinConfigSet                          
2000de9d  PinModeSet                            
2000c391  PinMuxConfig                          
2000e249  PinTypeGPIO                           
2000e861  PinTypeUART                           
20008ed5  Report                                
2000eae9  ResetISR                              
20017fac  RxIrqCnt                              
UNDEFED   SHT$$INIT_ARRAY$$Base                 
UNDEFED   SHT$$INIT_ARRAY$$Limit                
2000e915  SPICSDisable                          
2000e92d  SPICSEnable                           
2000c119  SPIConfigSetExpClk                    
2000e945  SPIDisable                            
2000e87b  SPIDmaDisable                         
2000e895  SPIDmaEnable                          
2000e95d  SPIEnable                             
2000e8af  SPIFIFODisable                        
2000e8c9  SPIFIFOEnable                         
2000e1e1  SPIFIFOLevelSet                       
2000dbe5  SPIIntClear                           
2000d989  SPIIntEnable                          
2000e8e3  SPIIntUnregister                      
2000e603  SPIReset                              
2000e625  SPIWordCountSet                       
200045c9  SimpleLinkGeneralEventHandler         
200045a1  SimpleLinkHttpServerCallback          
20004509  SimpleLinkNetAppEventHandler          
200045df  SimpleLinkSockEventHandler            
20004401  SimpleLinkWlanEventHandler            
20008a41  Ssock_construct                       
20008a81  Ssock_create                          
20008a9b  Ssock_delete                          
20008ac3  Ssock_destruct                        
20008b15  Ssock_getSocket                       
20008b23  Ssock_recv                            
20008b7d  Ssock_recvall                         
20008bc1  Ssock_send                            
20008cdb  Ssock_startSecure                     
2000dd49  TimerConfigure                        
2000e747  TimerEnable                           
2000e6c9  TimerGetCurrentTimestamp              
2000e3e5  TimerLoadSet                          
2000e40f  TimerPrescaleSet                      
2000e7a1  TimerValueGet                         
20008e3d  TrimSpace                             
2000e7bd  UARTCharGetNonBlocking                
2000e765  UARTCharPut                           
2000e975  UARTCharsAvail                        
2000d121  UARTConfigSetExpClk                   
2000e279  UARTDisable                           
2000e599  UARTEnable                            
2000eb27  UtilsDelay                            
2000e439  _Dclass                               
20018068  _Denorm                               
2000bdb5  _Dnorm                                
2000b03d  _Dscale                               
2000d3bb  _Dunscale                             
20018078  _Eps                                  
200181ec  _Errno                                
200181e4  _Fenv                                 
2000e2a9  _Feraise                              
20018088  _Hugeval                              
20018098  _Inf                                  
200180a8  _Nan                                  
200180c8  _Rteps                                
2000eff4  _SlActionLookupTable                  
2000c075  _SlDriverHandleError                  
2000dc2d  _SlDrvBasicCmd                        
2000bcf5  _SlDrvCmdOp                           
2000d20d  _SlDrvCmdSend                         
20009651  _SlDrvDataReadOp                      
2000a66d  _SlDrvDataWriteOp                     
2000c2f5  _SlDrvDeviceEventHandler              
2000eabd  _SlDrvDispatchHttpServerEvents        
2000adf9  _SlDrvDriverCBDeinit                  
20009bbd  _SlDrvDriverCBInit                    
2000e48d  _SlDrvGlobalObjUnLock                 
2000c9e5  _SlDrvIsTimeoutExpired                
2000ea19  _SlDrvMemZero                         
2000b7f1  _SlDrvMsgReadSpawnCtx                 
2000b14d  _SlDrvNetAppEventHandler              
2000e505  _SlDrvObjLockWaitForever              
2000e6e9  _SlDrvObjUnLock                       
2000da21  _SlDrvProtectAsyncRespSetting         
2000e3b9  _SlDrvProtectionObjLockWaitForever    
2000e4b5  _SlDrvProtectionObjUnLock             
20009835  _SlDrvReleasePoolObj                  
2000eacd  _SlDrvResetCmdExt                     
2000d891  _SlDrvRxIrqHandler                    
2000e7d9  _SlDrvStartMeasureTimeout             
2000e709  _SlDrvSyncObjSignal                   
2000e4dd  _SlDrvSyncObjWaitForever              
2000dd8d  _SlDrvSyncObjWaitTimeout              
20009f0d  _SlDrvWaitForPoolObj                  
2000f150  _SlNetAppSendTokenValueCmdCtrl        
2000d199  _SlNonOsMainLoopTask                  
2000be75  _SlNonOsSemGet                        
2000e98d  _SlNonOsSemSet                        
2000d421  _SlNonOsSpawn                         
200180b8  _Snan                                 
200181e8  _Tls_setup__Fenv                      
200180d8  _Xbig                                 
200180e0  _Zero                                 
20030000  __STACK_END                           
00000800  __STACK_SIZE                          
00000800  __SYSMEM_SIZE                         
2000f208  __TI_CINIT_Base                       
2000f218  __TI_CINIT_Limit                      
2000f1f4  __TI_Handler_Table_Base               
2000f200  __TI_Handler_Table_Limit              
2000d2e5  __TI_auto_init                        
200181dc  __TI_cleanup_ptr                      
2000eadb  __TI_decompress_none                  
2000eb2d  __TI_decompress_rle24                 
200181e0  __TI_dtors_ptr                        
20006465  __TI_printfi                          
2000f188  __TI_static_base__                    
2000eb11  __TI_zero_init                        
2000cc99  __aeabi_cdcmpeq                       
2000cc99  __aeabi_cdcmple                       
2000cd1f  __aeabi_cdrcmple                      
2000dc75  __aeabi_d2iz                          
20009a0f  __aeabi_dadd                          
2000ab8d  __aeabi_ddiv                          
2000b251  __aeabi_dmul                          
20009a05  __aeabi_dsub                          
2000e2d9  __aeabi_i2d                           
2000d02d  __aeabi_memclr                        
2000d02d  __aeabi_memclr4                       
2000d02d  __aeabi_memclr8                       
2000c259  __aeabi_memcpy                        
2000c259  __aeabi_memcpy4                       
2000c259  __aeabi_memcpy8                       
2000d02f  __aeabi_memset                        
2000d02f  __aeabi_memset4                       
2000d02f  __aeabi_memset8                       
2000945d  __aeabi_uldivmod                      
ffffffff  __binit__                             
ffffffff  __c_args__                            
2002f800  __stack                               
2000e9bd  _args_main                            
2000e015  _c_int00                              
2000eb38  _ctypes_                              
200181d4  _lock                                 
2000ea8f  _nop                                  
2000ea87  _register_lock                        
2000ea81  _register_unlock                      
2000d485  _sl_HandleAsync_Accept                
2000cead  _sl_HandleAsync_Connect               
2000c71d  _sl_HandleAsync_DnsGetHostByName      
2000ba99  _sl_HandleAsync_DnsGetHostByService   
2000ca71  _sl_HandleAsync_InitComplete          
2000c7ad  _sl_HandleAsync_PingResponse          
2000d8e5  _sl_HandleAsync_Select                
2000d939  _sl_HandleAsync_Stop                  
2000d279  _sl_NetAppSendTokenValue              
20017000  _sys_memory                           
2000eb33  _system_pre_init                      
200181d8  _unlock                               
2000de19  abort                                 
2000dab9  atoi                                  
ffffffff  binit                                 
200067b3  bufferedRecv                          
20018198  bytesReceived                         
20008659  calloc                                
20018194  captureButtonEvent                    
2000db05  copy_in                               
2000de21  exit                                  
2000e215  feraiseexcept                         
200083a7  free                                  
2000e647  frexp                                 
20017fa0  g_S2InterruptHdl                      
20017fa4  g_S3InterruptHdl                      
200181ac  g_SlDeviceStatus                      
200181c8  g_SpiFd                               
20018130  g__SlNonOsCB                          
20017fad  g_bDeviceRestartIsRequired            
20017800  g_buff                                
20017fae  g_cDummy                              
200181b0  g_pCB                                 
200181cc  g_pHostIntHdl                         
20004000  g_pfnVectors                          
20017f94  g_ucConnectionBSSID                   
20017f70  g_ucConnectionSSID                    
200181d0  g_ucDMAEnabled                        
20017f20  g_ucDinDout                           
20017faf  g_ucLED1Pin                           
20017fb0  g_ucLED2Pin                           
20017fb1  g_ucLED3Pin                           
20018180  g_uiLED1Port                          
20018184  g_uiLED2Port                          
20018188  g_uiLED3Port                          
20017fa8  g_ulDestinationIP                     
20018190  g_ulGatewayIP                         
2001818c  g_ulStatus                            
20007d03  jsmn_init                             
200079f1  jsmn_parse                            
2000dcbd  ldexp                                 
2000d7e5  ltoa                                  
200054c9  main                                  
200181f0  main_func_sp                          
2000833f  malloc                                
20008575  memalign                              
2000e7f5  memccpy                               
2000c259  memcpy                                
2000e5bd  memmove                               
2000d035  memset                                
200082b1  minit                                 
200181b4  pPingCallBackFunc                     
2000e307  raise                                 
20008469  realloc                               
2000df1d  signal                                
2000e051  simplelink_timerA2_start              
2000d615  sl_Close                              
2000a09d  sl_Connect                            
2000bb65  sl_DevGet                             
2000de59  sl_Htonl                              
2000e08d  sl_Htons                              
2000aa49  sl_NetAppDnsGetHostByName             
2000b8d9  sl_NetAppMDNSRegisterUnregisterService
2000d4e9  sl_NetAppMDNSUnRegisterService        
2000c429  sl_NetCfgSet                          
2000c1b9  sl_Recv                               
2000acc5  sl_Send                               
2000c4c1  sl_SetSockOpt                         
2000cafd  sl_Socket                             
2000b61d  sl_Start                              
2000b34d  sl_Stop                               
20008f95  sl_WlanConnect                        
2000e13d  sl_WlanDisconnect                     
2000c83d  sl_WlanPolicySet                      
2000d675  sl_WlanProfileDel                     
2000cda5  sl_WlanRxFilterSet                    
2000c559  sl_WlanSet                            
2000d6d5  sl_WlanSetMode                        
2000d0a9  spi_Close                             
2000a7bd  spi_Open                              
2000b43d  spi_Read                              
2000c5f1  spi_Write                             
2000ea2f  strchr                                
2000e9d5  strcmp                                
2000ea95  strcpy                                
2000eaa9  strlen                                
2000e52b  strncmp                               
2000af29  strtoul                               
2000db51  uDMAChannelAssign                     
2000d54d  uDMAChannelAttributeDisable           
2000d5b1  uDMAChannelAttributeEnable            
2000e0c9  uDMAChannelControlSet                 
2000e811  uDMAChannelEnable                     
2000b52d  uDMAChannelTransferSet                
2000cc11  vsnprintf                             


GLOBAL SYMBOLS: SORTED BY Symbol Address 

address   name                                  
-------   ----                                  
00000800  __STACK_SIZE                          
00000800  __SYSMEM_SIZE                         
20004000  g_pfnVectors                          
20004401  SimpleLinkWlanEventHandler            
20004509  SimpleLinkNetAppEventHandler          
200045a1  SimpleLinkHttpServerCallback          
200045c9  SimpleLinkGeneralEventHandler         
200045df  SimpleLinkSockEventHandler            
20004d8f  ParseJSONData                         
20005371  Button2InterruptHandler               
2000538d  Button3InterruptHandler               
200054c9  main                                  
20006465  __TI_printfi                          
200067b3  bufferedRecv                          
20006f89  HTTPCli_initSockAddr                  
20007097  HTTPCli_connect                       
200071b9  HTTPCli_construct                     
20007201  HTTPCli_create                        
20007219  HTTPCli_delete                        
2000724f  HTTPCli_destruct                      
20007297  HTTPCli_disconnect                    
200072cd  HTTPCli_setRequestFields              
200072f3  HTTPCli_setResponseFields             
20007319  HTTPCli_setSecureParams               
20007339  HTTPCli_sendRequest                   
20007407  HTTPCli_sendField                     
2000745f  HTTPCli_sendRequestBody               
20007497  HTTPCli_getResponseStatus             
200074cd  HTTPCli_getResponseField              
20007651  HTTPCli_readResponseBody              
200076dd  HTTPCli_readRawResponseBody           
2000771d  HTTPCli_setProxy                      
200079f1  jsmn_parse                            
20007d03  jsmn_init                             
200082b1  minit                                 
2000833f  malloc                                
200083a7  free                                  
20008469  realloc                               
20008575  memalign                              
20008659  calloc                                
200086c9  GPIO_IF_LedConfigure                  
20008707  GPIO_IF_LedOn                         
200087bb  GPIO_IF_LedOff                        
2000886f  GPIO_IF_LedStatus                     
200088d9  GPIO_IF_LedToggle                     
20008907  GPIO_IF_GetPortNPin                   
2000894d  GPIO_IF_ConfigureNIntEnable           
20008995  GPIO_IF_Set                           
200089d9  GPIO_IF_Get                           
20008a41  Ssock_construct                       
20008a81  Ssock_create                          
20008a9b  Ssock_delete                          
20008ac3  Ssock_destruct                        
20008b15  Ssock_getSocket                       
20008b23  Ssock_recv                            
20008b7d  Ssock_recvall                         
20008bc1  Ssock_send                            
20008cdb  Ssock_startSecure                     
20008d15  InitTerm                              
20008d33  Message                               
20008d55  ClearTerm                             
20008d5f  Error                                 
20008d97  GetCmd                                
20008e3d  TrimSpace                             
20008ed5  Report                                
20008f95  sl_WlanConnect                        
2000945d  __aeabi_uldivmod                      
20009651  _SlDrvDataReadOp                      
20009835  _SlDrvReleasePoolObj                  
20009a05  __aeabi_dsub                          
20009a0f  __aeabi_dadd                          
20009bbd  _SlDrvDriverCBInit                    
20009f0d  _SlDrvWaitForPoolObj                  
2000a09d  sl_Connect                            
2000a229  PRCMCC3200MCUInit                     
2000a511  GPIOs3IntHandler                      
2000a531  GPIOs2IntHandler                      
2000a551  Button_IF_Init                        
2000a5c1  Button_IF_EnableInterrupt             
2000a611  Button_IF_DisableInterrupt            
2000a66d  _SlDrvDataWriteOp                     
2000a7bd  spi_Open                              
2000aa49  sl_NetAppDnsGetHostByName             
2000ab8d  __aeabi_ddiv                          
2000acc5  sl_Send                               
2000adf9  _SlDrvDriverCBDeinit                  
2000af29  strtoul                               
2000b03d  _Dscale                               
2000b14d  _SlDrvNetAppEventHandler              
2000b251  __aeabi_dmul                          
2000b34d  sl_Stop                               
2000b43d  spi_Read                              
2000b52d  uDMAChannelTransferSet                
2000b61d  sl_Start                              
2000b7f1  _SlDrvMsgReadSpawnCtx                 
2000b8d9  sl_NetAppMDNSRegisterUnregisterService
2000ba99  _sl_HandleAsync_DnsGetHostByService   
2000bb65  sl_DevGet                             
2000bcf5  _SlDrvCmdOp                           
2000bdb5  _Dnorm                                
2000be75  _SlNonOsSemGet                        
2000bf25  IntDisable                            
2000bfcd  IntEnable                             
2000c075  _SlDriverHandleError                  
2000c119  SPIConfigSetExpClk                    
2000c1b9  sl_Recv                               
2000c259  __aeabi_memcpy                        
2000c259  __aeabi_memcpy4                       
2000c259  __aeabi_memcpy8                       
2000c259  memcpy                                
2000c2f5  _SlDrvDeviceEventHandler              
2000c391  PinMuxConfig                          
2000c429  sl_NetCfgSet                          
2000c4c1  sl_SetSockOpt                         
2000c559  sl_WlanSet                            
2000c5f1  spi_Write                             
2000c689  PRCMPeripheralClockGet                
2000c71d  _sl_HandleAsync_DnsGetHostByName      
2000c7ad  _sl_HandleAsync_PingResponse          
2000c83d  sl_WlanPolicySet                      
2000c9e5  _SlDrvIsTimeoutExpired                
2000ca71  _sl_HandleAsync_InitComplete          
2000cafd  sl_Socket                             
2000cb89  PinConfigSet                          
2000cc11  vsnprintf                             
2000cc99  __aeabi_cdcmpeq                       
2000cc99  __aeabi_cdcmple                       
2000cd1f  __aeabi_cdrcmple                      
2000cda5  sl_WlanRxFilterSet                    
2000ce29  GPIOIntTypeSet                        
2000cead  _sl_HandleAsync_Connect               
2000d02d  __aeabi_memclr                        
2000d02d  __aeabi_memclr4                       
2000d02d  __aeabi_memclr8                       
2000d02f  __aeabi_memset                        
2000d02f  __aeabi_memset4                       
2000d02f  __aeabi_memset8                       
2000d035  memset                                
2000d0a9  spi_Close                             
2000d121  UARTConfigSetExpClk                   
2000d199  _SlNonOsMainLoopTask                  
2000d20d  _SlDrvCmdSend                         
2000d279  _sl_NetAppSendTokenValue              
2000d2e5  __TI_auto_init                        
2000d3bb  _Dunscale                             
2000d421  _SlNonOsSpawn                         
2000d485  _sl_HandleAsync_Accept                
2000d4e9  sl_NetAppMDNSUnRegisterService        
2000d54d  uDMAChannelAttributeDisable           
2000d5b1  uDMAChannelAttributeEnable            
2000d615  sl_Close                              
2000d675  sl_WlanProfileDel                     
2000d6d5  sl_WlanSetMode                        
2000d735  IntPendClear                          
2000d78d  PRCMPeripheralReset                   
2000d7e5  ltoa                                  
2000d83d  IntPrioritySet                        
2000d891  _SlDrvRxIrqHandler                    
2000d8e5  _sl_HandleAsync_Select                
2000d939  _sl_HandleAsync_Stop                  
2000d989  SPIIntEnable                          
2000da21  _SlDrvProtectAsyncRespSetting         
2000dab9  atoi                                  
2000db05  copy_in                               
2000db51  uDMAChannelAssign                     
2000dbe5  SPIIntClear                           
2000dc2d  _SlDrvBasicCmd                        
2000dc75  __aeabi_d2iz                          
2000dcbd  ldexp                                 
2000dd49  TimerConfigure                        
2000dd8d  _SlDrvSyncObjWaitTimeout              
2000de15  C$$EXIT                               
2000de19  abort                                 
2000de21  exit                                  
2000de59  sl_Htonl                              
2000de9d  PinModeSet                            
2000df1d  signal                                
2000df5d  NwpRegisterInterruptHandler           
2000dfd9  PRCMPeripheralClkEnable               
2000e015  _c_int00                              
2000e051  simplelink_timerA2_start              
2000e08d  sl_Htons                              
2000e0c9  uDMAChannelControlSet                 
2000e105  NwpPowerOff                           
2000e13d  sl_WlanDisconnect                     
2000e175  GPIODirModeSet                        
2000e1ad  PRCMPeripheralStatusGet               
2000e1e1  SPIFIFOLevelSet                       
2000e215  feraiseexcept                         
2000e249  PinTypeGPIO                           
2000e279  UARTDisable                           
2000e2a9  _Feraise                              
2000e2d9  __aeabi_i2d                           
2000e307  raise                                 
2000e335  NwpPowerOn                            
2000e361  PRCMSysResetCauseGet                  
2000e3b9  _SlDrvProtectionObjLockWaitForever    
2000e3e5  TimerLoadSet                          
2000e40f  TimerPrescaleSet                      
2000e439  _Dclass                               
2000e465  PRCMPeripheralClkDisable              
2000e48d  _SlDrvGlobalObjUnLock                 
2000e4b5  _SlDrvProtectionObjUnLock             
2000e4dd  _SlDrvSyncObjWaitForever              
2000e505  _SlDrvObjLockWaitForever              
2000e52b  strncmp                               
2000e551  DmaSpiSwIntHandler                    
2000e575  IntUnregister                         
2000e599  UARTEnable                            
2000e5bd  memmove                               
2000e5e1  GPIOIntStatus                         
2000e603  SPIReset                              
2000e625  SPIWordCountSet                       
2000e647  frexp                                 
2000e669  GPIOPinWrite                          
2000e689  IntRegister                           
2000e6a9  NwpPrePowerOffTimout0                 
2000e6c9  TimerGetCurrentTimestamp              
2000e6e9  _SlDrvObjUnLock                       
2000e709  _SlDrvSyncObjSignal                   
2000e729  GPIOIntRegister                       
2000e747  TimerEnable                           
2000e765  UARTCharPut                           
2000e7a1  TimerValueGet                         
2000e7bd  UARTCharGetNonBlocking                
2000e7d9  _SlDrvStartMeasureTimeout             
2000e7f5  memccpy                               
2000e811  uDMAChannelEnable                     
2000e82d  GPIOIntDisable                        
2000e847  GPIOIntEnable                         
2000e861  PinTypeUART                           
2000e87b  SPIDmaDisable                         
2000e895  SPIDmaEnable                          
2000e8af  SPIFIFODisable                        
2000e8c9  SPIFIFOEnable                         
2000e8e3  SPIIntUnregister                      
2000e8fd  GPIOPinRead                           
2000e915  SPICSDisable                          
2000e92d  SPICSEnable                           
2000e945  SPIDisable                            
2000e95d  SPIEnable                             
2000e975  UARTCharsAvail                        
2000e98d  _SlNonOsSemSet                        
2000e9bd  _args_main                            
2000e9d5  strcmp                                
2000e9ed  PRCMHIBRegRead                        
2000ea03  PRCMHIBRegWrite                       
2000ea19  _SlDrvMemZero                         
2000ea2f  strchr                                
2000ea45  CPUcpsie                              
2000ea59  GPIOIntClear                          
2000ea6d  IntVTableBaseSet                      
2000ea81  _register_unlock                      
2000ea87  _register_lock                        
2000ea8f  _nop                                  
2000ea95  strcpy                                
2000eaa9  strlen                                
2000eabd  _SlDrvDispatchHttpServerEvents        
2000eacd  _SlDrvResetCmdExt                     
2000eadb  __TI_decompress_none                  
2000eae9  ResetISR                              
2000eaf9  NwpMaskInterrupt                      
2000eb05  NwpUnMaskInterrupt                    
2000eb11  __TI_zero_init                        
2000eb1d  IntMasterEnable                       
2000eb27  UtilsDelay                            
2000eb2d  __TI_decompress_rle24                 
2000eb33  _system_pre_init                      
2000eb38  _ctypes_                              
2000efb6  OpcodeTranslateTable                  
2000eff4  _SlActionLookupTable                  
2000f150  _SlNetAppSendTokenValueCmdCtrl        
2000f188  __TI_static_base__                    
2000f1f4  __TI_Handler_Table_Base               
2000f200  __TI_Handler_Table_Limit              
2000f208  __TI_CINIT_Base                       
2000f218  __TI_CINIT_Limit                      
20017000  _sys_memory                           
20017800  g_buff                                
20017f20  g_ucDinDout                           
20017f70  g_ucConnectionSSID                    
20017f94  g_ucConnectionBSSID                   
20017fa0  g_S2InterruptHdl                      
20017fa4  g_S3InterruptHdl                      
20017fa8  g_ulDestinationIP                     
20017fac  RxIrqCnt                              
20017fad  g_bDeviceRestartIsRequired            
20017fae  g_cDummy                              
20017faf  g_ucLED1Pin                           
20017fb0  g_ucLED2Pin                           
20017fb1  g_ucLED3Pin                           
20018068  _Denorm                               
20018078  _Eps                                  
20018088  _Hugeval                              
20018098  _Inf                                  
200180a8  _Nan                                  
200180b8  _Snan                                 
200180c8  _Rteps                                
200180d8  _Xbig                                 
200180e0  _Zero                                 
20018130  g__SlNonOsCB                          
20018180  g_uiLED1Port                          
20018184  g_uiLED2Port                          
20018188  g_uiLED3Port                          
2001818c  g_ulStatus                            
20018190  g_ulGatewayIP                         
20018194  captureButtonEvent                    
20018198  bytesReceived                         
200181ac  g_SlDeviceStatus                      
200181b0  g_pCB                                 
200181b4  pPingCallBackFunc                     
200181c8  g_SpiFd                               
200181cc  g_pHostIntHdl                         
200181d0  g_ucDMAEnabled                        
200181d4  _lock                                 
200181d8  _unlock                               
200181dc  __TI_cleanup_ptr                      
200181e0  __TI_dtors_ptr                        
200181e4  _Fenv                                 
200181e8  _Tls_setup__Fenv                      
200181ec  _Errno                                
200181f0  main_func_sp                          
2002f800  __stack                               
20030000  __STACK_END                           
ffffffff  __binit__                             
ffffffff  __c_args__                            
ffffffff  binit                                 
UNDEFED   SHT$$INIT_ARRAY$$Base                 
UNDEFED   SHT$$INIT_ARRAY$$Limit                

[329 symbols]
