<?xml version="1.0"?>
<link_info>
   <banner>TI ARM Linker PC v5.2.6</banner>
   <copyright>Copyright (c) 1996-2015 Texas Instruments Incorporated</copyright>
   <link_time>0x591bbe51</link_time>
   <link_errors>0x0</link_errors>
   <output_file>http_client_demo.out</output_file>
   <entry_point>
      <name>_c_int00</name>
      <address>0x2000e015</address>
   </entry_point>
   <input_file_list>
      <input_file id="fl-2">
         <path>.\</path>
         <kind>object</kind>
         <file>button_if.obj</file>
         <name>button_if.obj</name>
      </input_file>
      <input_file id="fl-3">
         <path>.\</path>
         <kind>object</kind>
         <file>gpio_if.obj</file>
         <name>gpio_if.obj</name>
      </input_file>
      <input_file id="fl-4">
         <path>.\</path>
         <kind>object</kind>
         <file>main.obj</file>
         <name>main.obj</name>
      </input_file>
      <input_file id="fl-5">
         <path>.\</path>
         <kind>object</kind>
         <file>network_common.obj</file>
         <name>network_common.obj</name>
      </input_file>
      <input_file id="fl-6">
         <path>.\</path>
         <kind>object</kind>
         <file>pinmux.obj</file>
         <name>pinmux.obj</name>
      </input_file>
      <input_file id="fl-7">
         <path>.\</path>
         <kind>object</kind>
         <file>startup_ccs.obj</file>
         <name>startup_ccs.obj</name>
      </input_file>
      <input_file id="fl-8">
         <path>.\</path>
         <kind>object</kind>
         <file>uart_if.obj</file>
         <name>uart_if.obj</name>
      </input_file>
      <input_file id="fl-132">
         <path>D:\TI\ccsv7\tools\compiler\ti-cgt-arm_5.2.6\lib\</path>
         <kind>archive</kind>
         <file>rtsv7M4_T_le_eabi.lib</file>
         <name>boot.obj</name>
      </input_file>
      <input_file id="fl-133">
         <path>D:\TI\ccsv7\tools\compiler\ti-cgt-arm_5.2.6\lib\</path>
         <kind>archive</kind>
         <file>rtsv7M4_T_le_eabi.lib</file>
         <name>copy_decompress_none.obj</name>
      </input_file>
      <input_file id="fl-134">
         <path>D:\TI\ccsv7\tools\compiler\ti-cgt-arm_5.2.6\lib\</path>
         <kind>archive</kind>
         <file>rtsv7M4_T_le_eabi.lib</file>
         <name>copy_decompress_rle.obj</name>
      </input_file>
      <input_file id="fl-135">
         <path>D:\TI\ccsv7\tools\compiler\ti-cgt-arm_5.2.6\lib\</path>
         <kind>archive</kind>
         <file>rtsv7M4_T_le_eabi.lib</file>
         <name>copy_zero_init.obj</name>
      </input_file>
      <input_file id="fl-136">
         <path>D:\TI\ccsv7\tools\compiler\ti-cgt-arm_5.2.6\lib\</path>
         <kind>archive</kind>
         <file>rtsv7M4_T_le_eabi.lib</file>
         <name>exit.obj</name>
      </input_file>
      <input_file id="fl-137">
         <path>D:\TI\ccsv7\tools\compiler\ti-cgt-arm_5.2.6\lib\</path>
         <kind>archive</kind>
         <file>rtsv7M4_T_le_eabi.lib</file>
         <name>memcpy_t2.obj</name>
      </input_file>
      <input_file id="fl-138">
         <path>D:\TI\ccsv7\tools\compiler\ti-cgt-arm_5.2.6\lib\</path>
         <kind>archive</kind>
         <file>rtsv7M4_T_le_eabi.lib</file>
         <name>memmov.obj</name>
      </input_file>
      <input_file id="fl-139">
         <path>D:\TI\ccsv7\tools\compiler\ti-cgt-arm_5.2.6\lib\</path>
         <kind>archive</kind>
         <file>rtsv7M4_T_le_eabi.lib</file>
         <name>memory.obj</name>
      </input_file>
      <input_file id="fl-13a">
         <path>D:\TI\ccsv7\tools\compiler\ti-cgt-arm_5.2.6\lib\</path>
         <kind>archive</kind>
         <file>rtsv7M4_T_le_eabi.lib</file>
         <name>memset_t2.obj</name>
      </input_file>
      <input_file id="fl-13b">
         <path>D:\TI\ccsv7\tools\compiler\ti-cgt-arm_5.2.6\lib\</path>
         <kind>archive</kind>
         <file>rtsv7M4_T_le_eabi.lib</file>
         <name>pre_init.obj</name>
      </input_file>
      <input_file id="fl-13c">
         <path>D:\TI\ccsv7\tools\compiler\ti-cgt-arm_5.2.6\lib\</path>
         <kind>archive</kind>
         <file>rtsv7M4_T_le_eabi.lib</file>
         <name>stkdepth_vars.obj</name>
      </input_file>
      <input_file id="fl-13d">
         <path>D:\TI\ccsv7\tools\compiler\ti-cgt-arm_5.2.6\lib\</path>
         <kind>archive</kind>
         <file>rtsv7M4_T_le_eabi.lib</file>
         <name>strlen.obj</name>
      </input_file>
      <input_file id="fl-13e">
         <path>D:\TI\ccsv7\tools\compiler\ti-cgt-arm_5.2.6\lib\</path>
         <kind>archive</kind>
         <file>rtsv7M4_T_le_eabi.lib</file>
         <name>strncmp.obj</name>
      </input_file>
      <input_file id="fl-13f">
         <path>D:\TI\ccsv7\tools\compiler\ti-cgt-arm_5.2.6\lib\</path>
         <kind>archive</kind>
         <file>rtsv7M4_T_le_eabi.lib</file>
         <name>strtoul.obj</name>
      </input_file>
      <input_file id="fl-140">
         <path>D:\TI\ccsv7\tools\compiler\ti-cgt-arm_5.2.6\lib\</path>
         <kind>archive</kind>
         <file>rtsv7M4_T_le_eabi.lib</file>
         <name>vsnprintf.obj</name>
      </input_file>
      <input_file id="fl-141">
         <path>D:\TI\ccsv7\tools\compiler\ti-cgt-arm_5.2.6\lib\</path>
         <kind>archive</kind>
         <file>rtsv7M4_T_le_eabi.lib</file>
         <name>_lock.obj</name>
      </input_file>
      <input_file id="fl-142">
         <path>D:\TI\ccsv7\tools\compiler\ti-cgt-arm_5.2.6\lib\</path>
         <kind>archive</kind>
         <file>rtsv7M4_T_le_eabi.lib</file>
         <name>_printfi.obj</name>
      </input_file>
      <input_file id="fl-143">
         <path>D:\TI\ccsv7\tools\compiler\ti-cgt-arm_5.2.6\lib\</path>
         <kind>archive</kind>
         <file>rtsv7M4_T_le_eabi.lib</file>
         <name>args_main.obj</name>
      </input_file>
      <input_file id="fl-144">
         <path>D:\TI\ccsv7\tools\compiler\ti-cgt-arm_5.2.6\lib\</path>
         <kind>archive</kind>
         <file>rtsv7M4_T_le_eabi.lib</file>
         <name>atoi.obj</name>
      </input_file>
      <input_file id="fl-145">
         <path>D:\TI\ccsv7\tools\compiler\ti-cgt-arm_5.2.6\lib\</path>
         <kind>archive</kind>
         <file>rtsv7M4_T_le_eabi.lib</file>
         <name>autoinit.obj</name>
      </input_file>
      <input_file id="fl-146">
         <path>D:\TI\ccsv7\tools\compiler\ti-cgt-arm_5.2.6\lib\</path>
         <kind>archive</kind>
         <file>rtsv7M4_T_le_eabi.lib</file>
         <name>cpy_tbl.obj</name>
      </input_file>
      <input_file id="fl-147">
         <path>D:\TI\ccsv7\tools\compiler\ti-cgt-arm_5.2.6\lib\</path>
         <kind>archive</kind>
         <file>rtsv7M4_T_le_eabi.lib</file>
         <name>ctype.obj</name>
      </input_file>
      <input_file id="fl-148">
         <path>D:\TI\ccsv7\tools\compiler\ti-cgt-arm_5.2.6\lib\</path>
         <kind>archive</kind>
         <file>rtsv7M4_T_le_eabi.lib</file>
         <name>errno.obj</name>
      </input_file>
      <input_file id="fl-149">
         <path>D:\TI\ccsv7\tools\compiler\ti-cgt-arm_5.2.6\lib\</path>
         <kind>archive</kind>
         <file>rtsv7M4_T_le_eabi.lib</file>
         <name>fd_add_t2.obj</name>
      </input_file>
      <input_file id="fl-14a">
         <path>D:\TI\ccsv7\tools\compiler\ti-cgt-arm_5.2.6\lib\</path>
         <kind>archive</kind>
         <file>rtsv7M4_T_le_eabi.lib</file>
         <name>fd_cmp_t2.obj</name>
      </input_file>
      <input_file id="fl-14b">
         <path>D:\TI\ccsv7\tools\compiler\ti-cgt-arm_5.2.6\lib\</path>
         <kind>archive</kind>
         <file>rtsv7M4_T_le_eabi.lib</file>
         <name>fd_div_t2.obj</name>
      </input_file>
      <input_file id="fl-14c">
         <path>D:\TI\ccsv7\tools\compiler\ti-cgt-arm_5.2.6\lib\</path>
         <kind>archive</kind>
         <file>rtsv7M4_T_le_eabi.lib</file>
         <name>fd_mul_t2.obj</name>
      </input_file>
      <input_file id="fl-14d">
         <path>D:\TI\ccsv7\tools\compiler\ti-cgt-arm_5.2.6\lib\</path>
         <kind>archive</kind>
         <file>rtsv7M4_T_le_eabi.lib</file>
         <name>fd_toi_t2.obj</name>
      </input_file>
      <input_file id="fl-14e">
         <path>D:\TI\ccsv7\tools\compiler\ti-cgt-arm_5.2.6\lib\</path>
         <kind>archive</kind>
         <file>rtsv7M4_T_le_eabi.lib</file>
         <name>frexp.obj</name>
      </input_file>
      <input_file id="fl-14f">
         <path>D:\TI\ccsv7\tools\compiler\ti-cgt-arm_5.2.6\lib\</path>
         <kind>archive</kind>
         <file>rtsv7M4_T_le_eabi.lib</file>
         <name>i_tofd_t2.obj</name>
      </input_file>
      <input_file id="fl-150">
         <path>D:\TI\ccsv7\tools\compiler\ti-cgt-arm_5.2.6\lib\</path>
         <kind>archive</kind>
         <file>rtsv7M4_T_le_eabi.lib</file>
         <name>ldexp.obj</name>
      </input_file>
      <input_file id="fl-151">
         <path>D:\TI\ccsv7\tools\compiler\ti-cgt-arm_5.2.6\lib\</path>
         <kind>archive</kind>
         <file>rtsv7M4_T_le_eabi.lib</file>
         <name>ltoa.obj</name>
      </input_file>
      <input_file id="fl-152">
         <path>D:\TI\ccsv7\tools\compiler\ti-cgt-arm_5.2.6\lib\</path>
         <kind>archive</kind>
         <file>rtsv7M4_T_le_eabi.lib</file>
         <name>memccpy.obj</name>
      </input_file>
      <input_file id="fl-153">
         <path>D:\TI\ccsv7\tools\compiler\ti-cgt-arm_5.2.6\lib\</path>
         <kind>archive</kind>
         <file>rtsv7M4_T_le_eabi.lib</file>
         <name>strchr.obj</name>
      </input_file>
      <input_file id="fl-154">
         <path>D:\TI\ccsv7\tools\compiler\ti-cgt-arm_5.2.6\lib\</path>
         <kind>archive</kind>
         <file>rtsv7M4_T_le_eabi.lib</file>
         <name>ull_div_t2.obj</name>
      </input_file>
      <input_file id="fl-155">
         <path>D:\TI\ccsv7\tools\compiler\ti-cgt-arm_5.2.6\lib\</path>
         <kind>archive</kind>
         <file>rtsv7M4_T_le_eabi.lib</file>
         <name>xdclass.obj</name>
      </input_file>
      <input_file id="fl-156">
         <path>D:\TI\ccsv7\tools\compiler\ti-cgt-arm_5.2.6\lib\</path>
         <kind>archive</kind>
         <file>rtsv7M4_T_le_eabi.lib</file>
         <name>xdscale.obj</name>
      </input_file>
      <input_file id="fl-157">
         <path>D:\TI\ccsv7\tools\compiler\ti-cgt-arm_5.2.6\lib\</path>
         <kind>archive</kind>
         <file>rtsv7M4_T_le_eabi.lib</file>
         <name>xdunscal.obj</name>
      </input_file>
      <input_file id="fl-158">
         <path>D:\TI\ccsv7\tools\compiler\ti-cgt-arm_5.2.6\lib\</path>
         <kind>archive</kind>
         <file>rtsv7M4_T_le_eabi.lib</file>
         <name>xferaise.obj</name>
      </input_file>
      <input_file id="fl-159">
         <path>D:\TI\ccsv7\tools\compiler\ti-cgt-arm_5.2.6\lib\</path>
         <kind>archive</kind>
         <file>rtsv7M4_T_le_eabi.lib</file>
         <name>xvalues.obj</name>
      </input_file>
      <input_file id="fl-15a">
         <path>D:\TI\ccsv7\tools\compiler\ti-cgt-arm_5.2.6\lib\</path>
         <kind>archive</kind>
         <file>rtsv7M4_T_le_eabi.lib</file>
         <name>feraiseexcept.obj</name>
      </input_file>
      <input_file id="fl-15b">
         <path>D:\TI\ccsv7\tools\compiler\ti-cgt-arm_5.2.6\lib\</path>
         <kind>archive</kind>
         <file>rtsv7M4_T_le_eabi.lib</file>
         <name>raise.obj</name>
      </input_file>
      <input_file id="fl-15c">
         <path>D:\TI\ccsv7\tools\compiler\ti-cgt-arm_5.2.6\lib\</path>
         <kind>archive</kind>
         <file>rtsv7M4_T_le_eabi.lib</file>
         <name>signal.obj</name>
      </input_file>
      <input_file id="fl-15d">
         <path>D:\TI\ccsv7\tools\compiler\ti-cgt-arm_5.2.6\lib\</path>
         <kind>archive</kind>
         <file>rtsv7M4_T_le_eabi.lib</file>
         <name>xdnorm.obj</name>
      </input_file>
      <input_file id="fl-15e">
         <path>D:\TI\CC3200SDK_1.3.0\cc3200-sdk\driverlib\ccs\Release\</path>
         <kind>archive</kind>
         <file>driverlib.a</file>
         <name>gpio.obj</name>
      </input_file>
      <input_file id="fl-15f">
         <path>D:\TI\CC3200SDK_1.3.0\cc3200-sdk\driverlib\ccs\Release\</path>
         <kind>archive</kind>
         <file>driverlib.a</file>
         <name>interrupt.obj</name>
      </input_file>
      <input_file id="fl-160">
         <path>D:\TI\CC3200SDK_1.3.0\cc3200-sdk\driverlib\ccs\Release\</path>
         <kind>archive</kind>
         <file>driverlib.a</file>
         <name>pin.obj</name>
      </input_file>
      <input_file id="fl-161">
         <path>D:\TI\CC3200SDK_1.3.0\cc3200-sdk\driverlib\ccs\Release\</path>
         <kind>archive</kind>
         <file>driverlib.a</file>
         <name>prcm.obj</name>
      </input_file>
      <input_file id="fl-162">
         <path>D:\TI\CC3200SDK_1.3.0\cc3200-sdk\driverlib\ccs\Release\</path>
         <kind>archive</kind>
         <file>driverlib.a</file>
         <name>uart.obj</name>
      </input_file>
      <input_file id="fl-163">
         <path>D:\TI\CC3200SDK_1.3.0\cc3200-sdk\driverlib\ccs\Release\</path>
         <kind>archive</kind>
         <file>driverlib.a</file>
         <name>utils.obj</name>
      </input_file>
      <input_file id="fl-164">
         <path>D:\TI\CC3200SDK_1.3.0\cc3200-sdk\driverlib\ccs\Release\</path>
         <kind>archive</kind>
         <file>driverlib.a</file>
         <name>cpu.obj</name>
      </input_file>
      <input_file id="fl-165">
         <path>D:\TI\CC3200SDK_1.3.0\cc3200-sdk\driverlib\ccs\Release\</path>
         <kind>archive</kind>
         <file>driverlib.a</file>
         <name>flash.obj</name>
      </input_file>
      <input_file id="fl-166">
         <path>D:\TI\CC3200SDK_1.3.0\cc3200-sdk\simplelink\ccs\NON_OS\</path>
         <kind>archive</kind>
         <file>simplelink.a</file>
         <name>device.obj</name>
      </input_file>
      <input_file id="fl-167">
         <path>D:\TI\CC3200SDK_1.3.0\cc3200-sdk\simplelink\ccs\NON_OS\</path>
         <kind>archive</kind>
         <file>simplelink.a</file>
         <name>driver.obj</name>
      </input_file>
      <input_file id="fl-168">
         <path>D:\TI\CC3200SDK_1.3.0\cc3200-sdk\simplelink\ccs\NON_OS\</path>
         <kind>archive</kind>
         <file>simplelink.a</file>
         <name>netapp.obj</name>
      </input_file>
      <input_file id="fl-169">
         <path>D:\TI\CC3200SDK_1.3.0\cc3200-sdk\simplelink\ccs\NON_OS\</path>
         <kind>archive</kind>
         <file>simplelink.a</file>
         <name>netcfg.obj</name>
      </input_file>
      <input_file id="fl-16a">
         <path>D:\TI\CC3200SDK_1.3.0\cc3200-sdk\simplelink\ccs\NON_OS\</path>
         <kind>archive</kind>
         <file>simplelink.a</file>
         <name>nonos.obj</name>
      </input_file>
      <input_file id="fl-16b">
         <path>D:\TI\CC3200SDK_1.3.0\cc3200-sdk\simplelink\ccs\NON_OS\</path>
         <kind>archive</kind>
         <file>simplelink.a</file>
         <name>socket.obj</name>
      </input_file>
      <input_file id="fl-16c">
         <path>D:\TI\CC3200SDK_1.3.0\cc3200-sdk\simplelink\ccs\NON_OS\</path>
         <kind>archive</kind>
         <file>simplelink.a</file>
         <name>wlan.obj</name>
      </input_file>
      <input_file id="fl-16d">
         <path>D:\TI\CC3200SDK_1.3.0\cc3200-sdk\simplelink\ccs\NON_OS\</path>
         <kind>archive</kind>
         <file>simplelink.a</file>
         <name>cc_pal.obj</name>
      </input_file>
      <input_file id="fl-16e">
         <path>D:\TI\CC3200SDK_1.3.0\cc3200-sdk\netapps\http\client\ccs\HTTPClientMinLib\</path>
         <kind>archive</kind>
         <file>webclient.a</file>
         <name>httpcli.obj</name>
      </input_file>
      <input_file id="fl-16f">
         <path>D:\TI\CC3200SDK_1.3.0\cc3200-sdk\netapps\http\client\ccs\HTTPClientMinLib\</path>
         <kind>archive</kind>
         <file>webclient.a</file>
         <name>ssock.obj</name>
      </input_file>
      <input_file id="fl-170">
         <path>D:\TI\CC3200SDK_1.3.0\cc3200-sdk\netapps\json\ccs\Release\</path>
         <kind>archive</kind>
         <file>json.a</file>
         <name>jsmn.obj</name>
      </input_file>
      <input_file id="fl-171">
         <path>D:\TI\ccsv7\tools\compiler\ti-cgt-arm_5.2.6\lib\</path>
         <kind>archive</kind>
         <file>rtsv7M4_T_le_eabi.lib</file>
         <name>strcmp.obj</name>
      </input_file>
      <input_file id="fl-172">
         <path>D:\TI\ccsv7\tools\compiler\ti-cgt-arm_5.2.6\lib\</path>
         <kind>archive</kind>
         <file>rtsv7M4_T_le_eabi.lib</file>
         <name>strcpy.obj</name>
      </input_file>
      <input_file id="fl-173">
         <path>D:\TI\CC3200SDK_1.3.0\cc3200-sdk\driverlib\ccs\Release\</path>
         <kind>archive</kind>
         <file>driverlib.a</file>
         <name>spi.obj</name>
      </input_file>
      <input_file id="fl-174">
         <path>D:\TI\CC3200SDK_1.3.0\cc3200-sdk\driverlib\ccs\Release\</path>
         <kind>archive</kind>
         <file>driverlib.a</file>
         <name>timer.obj</name>
      </input_file>
      <input_file id="fl-175">
         <path>D:\TI\CC3200SDK_1.3.0\cc3200-sdk\driverlib\ccs\Release\</path>
         <kind>archive</kind>
         <file>driverlib.a</file>
         <name>udma.obj</name>
      </input_file>
   </input_file_list>
   <object_component_list>
      <object_component id="oc-f">
         <name>.intvecs</name>
         <load_address>0x20004000</load_address>
         <run_address>0x20004000</run_address>
         <size>0x400</size>
         <input_file_ref idref="fl-7"/>
      </object_component>
      <object_component id="oc-9f">
         <name>.text</name>
         <load_address>0x20004400</load_address>
         <run_address>0x20004400</run_address>
         <size>0x12c4</size>
         <input_file_ref idref="fl-4"/>
      </object_component>
      <object_component id="oc-41b">
         <name>.text</name>
         <load_address>0x200056c4</load_address>
         <run_address>0x200056c4</run_address>
         <size>0x10a6</size>
         <input_file_ref idref="fl-142"/>
      </object_component>
      <object_component id="oc-66e">
         <name>.text:IntDefaultHandler</name>
         <load_address>0x2000676a</load_address>
         <run_address>0x2000676a</run_address>
         <size>0x2</size>
         <input_file_ref idref="fl-15f"/>
      </object_component>
      <object_component id="oc-135">
         <name>.text</name>
         <load_address>0x2000676c</load_address>
         <run_address>0x2000676c</run_address>
         <size>0xfc4</size>
         <input_file_ref idref="fl-16e"/>
      </object_component>
      <object_component id="oc-141">
         <name>.text</name>
         <load_address>0x20007730</load_address>
         <run_address>0x20007730</run_address>
         <size>0x5f0</size>
         <input_file_ref idref="fl-170"/>
      </object_component>
      <object_component id="oc-67c">
         <name>.text:_SlDrvMsgRead</name>
         <load_address>0x20007d20</load_address>
         <run_address>0x20007d20</run_address>
         <size>0x590</size>
         <input_file_ref idref="fl-167"/>
      </object_component>
      <object_component id="oc-14d">
         <name>.text</name>
         <load_address>0x200082b0</load_address>
         <run_address>0x200082b0</run_address>
         <size>0x3dc</size>
         <input_file_ref idref="fl-139"/>
      </object_component>
      <object_component id="oc-187">
         <name>.text</name>
         <load_address>0x2000868c</load_address>
         <run_address>0x2000868c</run_address>
         <size>0x39c</size>
         <input_file_ref idref="fl-3"/>
      </object_component>
      <object_component id="oc-2fa">
         <name>.text</name>
         <load_address>0x20008a28</load_address>
         <run_address>0x20008a28</run_address>
         <size>0x2ea</size>
         <input_file_ref idref="fl-16f"/>
      </object_component>
      <object_component id="oc-d1">
         <name>.text</name>
         <load_address>0x20008d14</load_address>
         <run_address>0x20008d14</run_address>
         <size>0x280</size>
         <input_file_ref idref="fl-8"/>
      </object_component>
      <object_component id="oc-12f">
         <name>.text:sl_WlanConnect</name>
         <load_address>0x20008f94</load_address>
         <run_address>0x20008f94</run_address>
         <size>0x27c</size>
         <input_file_ref idref="fl-16c"/>
      </object_component>
      <object_component id="oc-727">
         <name>.text:_SlDrvRxHdrRead</name>
         <load_address>0x20009210</load_address>
         <run_address>0x20009210</run_address>
         <size>0x24c</size>
         <input_file_ref idref="fl-167"/>
      </object_component>
      <object_component id="oc-5d0">
         <name>.text</name>
         <load_address>0x2000945c</load_address>
         <run_address>0x2000945c</run_address>
         <size>0x1f4</size>
         <input_file_ref idref="fl-154"/>
      </object_component>
      <object_component id="oc-6a1">
         <name>.text:_SlDrvDataReadOp</name>
         <load_address>0x20009650</load_address>
         <run_address>0x20009650</run_address>
         <size>0x1e4</size>
         <input_file_ref idref="fl-167"/>
      </object_component>
      <object_component id="oc-260">
         <name>.text:_SlDrvReleasePoolObj</name>
         <load_address>0x20009834</load_address>
         <run_address>0x20009834</run_address>
         <size>0x1d0</size>
         <input_file_ref idref="fl-167"/>
      </object_component>
      <object_component id="oc-5f9">
         <name>.text</name>
         <load_address>0x20009a04</load_address>
         <run_address>0x20009a04</run_address>
         <size>0x1b6</size>
         <input_file_ref idref="fl-149"/>
      </object_component>
      <object_component id="oc-236">
         <name>.text:_SlDrvDriverCBInit</name>
         <load_address>0x20009bbc</load_address>
         <run_address>0x20009bbc</run_address>
         <size>0x1b4</size>
         <input_file_ref idref="fl-167"/>
      </object_component>
      <object_component id="oc-4fb">
         <name>.text:_SlDrvMsgWrite</name>
         <load_address>0x20009d70</load_address>
         <run_address>0x20009d70</run_address>
         <size>0x19c</size>
         <input_file_ref idref="fl-167"/>
      </object_component>
      <object_component id="oc-351">
         <name>.text:_SlDrvWaitForPoolObj</name>
         <load_address>0x20009f0c</load_address>
         <run_address>0x20009f0c</run_address>
         <size>0x190</size>
         <input_file_ref idref="fl-167"/>
      </object_component>
      <object_component id="oc-324">
         <name>.text:sl_Connect</name>
         <load_address>0x2000a09c</load_address>
         <run_address>0x2000a09c</run_address>
         <size>0x18c</size>
         <input_file_ref idref="fl-16b"/>
      </object_component>
      <object_component id="oc-181">
         <name>.text:PRCMCC3200MCUInit</name>
         <load_address>0x2000a228</load_address>
         <run_address>0x2000a228</run_address>
         <size>0x178</size>
         <input_file_ref idref="fl-161"/>
      </object_component>
      <object_component id="oc-739">
         <name>.text:_SlFindAndSetActiveObj</name>
         <load_address>0x2000a3a0</load_address>
         <run_address>0x2000a3a0</run_address>
         <size>0x170</size>
         <input_file_ref idref="fl-167"/>
      </object_component>
      <object_component id="oc-18d">
         <name>.text</name>
         <load_address>0x2000a510</load_address>
         <run_address>0x2000a510</run_address>
         <size>0x15c</size>
         <input_file_ref idref="fl-2"/>
      </object_component>
      <object_component id="oc-6b1">
         <name>.text:_SlDrvDataWriteOp</name>
         <load_address>0x2000a66c</load_address>
         <run_address>0x2000a66c</run_address>
         <size>0x150</size>
         <input_file_ref idref="fl-167"/>
      </object_component>
      <object_component id="oc-23c">
         <name>.text:spi_Open</name>
         <load_address>0x2000a7bc</load_address>
         <run_address>0x2000a7bc</run_address>
         <size>0x148</size>
         <input_file_ref idref="fl-16d"/>
      </object_component>
      <object_component id="oc-501">
         <name>.text:_SlDrvMsgReadCmdCtx</name>
         <load_address>0x2000a904</load_address>
         <run_address>0x2000a904</run_address>
         <size>0x144</size>
         <input_file_ref idref="fl-167"/>
      </object_component>
      <object_component id="oc-15d">
         <name>.text:sl_NetAppDnsGetHostByName</name>
         <load_address>0x2000aa48</load_address>
         <run_address>0x2000aa48</run_address>
         <size>0x144</size>
         <input_file_ref idref="fl-168"/>
      </object_component>
      <object_component id="oc-5df">
         <name>.text</name>
         <load_address>0x2000ab8c</load_address>
         <run_address>0x2000ab8c</run_address>
         <size>0x136</size>
         <input_file_ref idref="fl-14b"/>
      </object_component>
      <object_component id="oc-542">
         <name>.text:sl_Send</name>
         <load_address>0x2000acc4</load_address>
         <run_address>0x2000acc4</run_address>
         <size>0x134</size>
         <input_file_ref idref="fl-16b"/>
      </object_component>
      <object_component id="oc-2a5">
         <name>.text:_SlDrvDriverCBDeinit</name>
         <load_address>0x2000adf8</load_address>
         <run_address>0x2000adf8</run_address>
         <size>0x130</size>
         <input_file_ref idref="fl-167"/>
      </object_component>
      <object_component id="oc-154">
         <name>.text</name>
         <load_address>0x2000af28</load_address>
         <run_address>0x2000af28</run_address>
         <size>0x114</size>
         <input_file_ref idref="fl-13f"/>
      </object_component>
      <object_component id="oc-6fa">
         <name>.text</name>
         <load_address>0x2000b03c</load_address>
         <run_address>0x2000b03c</run_address>
         <size>0x110</size>
         <input_file_ref idref="fl-156"/>
      </object_component>
      <object_component id="oc-7b6">
         <name>.text:_SlDrvNetAppEventHandler</name>
         <load_address>0x2000b14c</load_address>
         <run_address>0x2000b14c</run_address>
         <size>0x104</size>
         <input_file_ref idref="fl-168"/>
      </object_component>
      <object_component id="oc-5da">
         <name>.text</name>
         <load_address>0x2000b250</load_address>
         <run_address>0x2000b250</run_address>
         <size>0xfc</size>
         <input_file_ref idref="fl-14c"/>
      </object_component>
      <object_component id="oc-f2">
         <name>.text:sl_Stop</name>
         <load_address>0x2000b34c</load_address>
         <run_address>0x2000b34c</run_address>
         <size>0xf0</size>
         <input_file_ref idref="fl-166"/>
      </object_component>
      <object_component id="oc-733">
         <name>.text:spi_Read</name>
         <load_address>0x2000b43c</load_address>
         <run_address>0x2000b43c</run_address>
         <size>0xf0</size>
         <input_file_ref idref="fl-16d"/>
      </object_component>
      <object_component id="oc-86f">
         <name>.text:uDMAChannelTransferSet</name>
         <load_address>0x2000b52c</load_address>
         <run_address>0x2000b52c</run_address>
         <size>0xf0</size>
         <input_file_ref idref="fl-175"/>
      </object_component>
      <object_component id="oc-e0">
         <name>.text:sl_Start</name>
         <load_address>0x2000b61c</load_address>
         <run_address>0x2000b61c</run_address>
         <size>0xec</size>
         <input_file_ref idref="fl-166"/>
      </object_component>
      <object_component id="oc-682">
         <name>.text:_SlAsyncEventGenericHandler</name>
         <load_address>0x2000b708</load_address>
         <run_address>0x2000b708</run_address>
         <size>0xe8</size>
         <input_file_ref idref="fl-167"/>
      </object_component>
      <object_component id="oc-4e2">
         <name>.text:_SlDrvMsgReadSpawnCtx</name>
         <load_address>0x2000b7f0</load_address>
         <run_address>0x2000b7f0</run_address>
         <size>0xe8</size>
         <input_file_ref idref="fl-167"/>
      </object_component>
      <object_component id="oc-2e0">
         <name>.text:sl_NetAppMDNSRegisterUnregisterService</name>
         <load_address>0x2000b8d8</load_address>
         <run_address>0x2000b8d8</run_address>
         <size>0xe4</size>
         <input_file_ref idref="fl-168"/>
      </object_component>
      <object_component id="oc-72d">
         <name>.text:_SlDrvClassifyRxMsg</name>
         <load_address>0x2000b9bc</load_address>
         <run_address>0x2000b9bc</run_address>
         <size>0xdc</size>
         <input_file_ref idref="fl-167"/>
      </object_component>
      <object_component id="oc-82d">
         <name>.text:_sl_HandleAsync_DnsGetHostByService</name>
         <load_address>0x2000ba98</load_address>
         <run_address>0x2000ba98</run_address>
         <size>0xcc</size>
         <input_file_ref idref="fl-168"/>
      </object_component>
      <object_component id="oc-f8">
         <name>.text:sl_DevGet</name>
         <load_address>0x2000bb64</load_address>
         <run_address>0x2000bb64</run_address>
         <size>0xcc</size>
         <input_file_ref idref="fl-166"/>
      </object_component>
      <object_component id="oc-4bd">
         <name>.text:_SlRemoveFromList</name>
         <load_address>0x2000bc30</load_address>
         <run_address>0x2000bc30</run_address>
         <size>0xc4</size>
         <input_file_ref idref="fl-167"/>
      </object_component>
      <object_component id="oc-289">
         <name>.text:_SlDrvCmdOp</name>
         <load_address>0x2000bcf4</load_address>
         <run_address>0x2000bcf4</run_address>
         <size>0xc0</size>
         <input_file_ref idref="fl-167"/>
      </object_component>
      <object_component id="oc-77e">
         <name>.text</name>
         <load_address>0x2000bdb4</load_address>
         <run_address>0x2000bdb4</run_address>
         <size>0xbe</size>
         <input_file_ref idref="fl-15d"/>
      </object_component>
      <object_component id="oc-439">
         <name>.text:_SlNonOsSemGet</name>
         <load_address>0x2000be74</load_address>
         <run_address>0x2000be74</run_address>
         <size>0xb0</size>
         <input_file_ref idref="fl-16a"/>
      </object_component>
      <object_component id="oc-3eb">
         <name>.text:IntDisable</name>
         <load_address>0x2000bf24</load_address>
         <run_address>0x2000bf24</run_address>
         <size>0xa8</size>
         <input_file_ref idref="fl-15f"/>
      </object_component>
      <object_component id="oc-17b">
         <name>.text:IntEnable</name>
         <load_address>0x2000bfcc</load_address>
         <run_address>0x2000bfcc</run_address>
         <size>0xa8</size>
         <input_file_ref idref="fl-15f"/>
      </object_component>
      <object_component id="oc-4b6">
         <name>.text:_SlDriverHandleError</name>
         <load_address>0x2000c074</load_address>
         <run_address>0x2000c074</run_address>
         <size>0xa4</size>
         <input_file_ref idref="fl-167"/>
      </object_component>
      <object_component id="oc-456">
         <name>.text:SPIConfigSetExpClk</name>
         <load_address>0x2000c118</load_address>
         <run_address>0x2000c118</run_address>
         <size>0xa0</size>
         <input_file_ref idref="fl-173"/>
      </object_component>
      <object_component id="oc-53c">
         <name>.text:sl_Recv</name>
         <load_address>0x2000c1b8</load_address>
         <run_address>0x2000c1b8</run_address>
         <size>0xa0</size>
         <input_file_ref idref="fl-16b"/>
      </object_component>
      <object_component id="oc-36">
         <name>.text</name>
         <load_address>0x2000c258</load_address>
         <run_address>0x2000c258</run_address>
         <size>0x9c</size>
         <input_file_ref idref="fl-137"/>
      </object_component>
      <object_component id="oc-81f">
         <name>.text:_SlDrvDeviceEventHandler</name>
         <load_address>0x2000c2f4</load_address>
         <run_address>0x2000c2f4</run_address>
         <size>0x9a</size>
         <input_file_ref idref="fl-166"/>
      </object_component>
      <object_component id="oc-194">
         <name>.text</name>
         <load_address>0x2000c390</load_address>
         <run_address>0x2000c390</run_address>
         <size>0x98</size>
         <input_file_ref idref="fl-6"/>
      </object_component>
      <object_component id="oc-110">
         <name>.text:sl_NetCfgSet</name>
         <load_address>0x2000c428</load_address>
         <run_address>0x2000c428</run_address>
         <size>0x98</size>
         <input_file_ref idref="fl-169"/>
      </object_component>
      <object_component id="oc-309">
         <name>.text:sl_SetSockOpt</name>
         <load_address>0x2000c4c0</load_address>
         <run_address>0x2000c4c0</run_address>
         <size>0x98</size>
         <input_file_ref idref="fl-16b"/>
      </object_component>
      <object_component id="oc-116">
         <name>.text:sl_WlanSet</name>
         <load_address>0x2000c558</load_address>
         <run_address>0x2000c558</run_address>
         <size>0x98</size>
         <input_file_ref idref="fl-16c"/>
      </object_component>
      <object_component id="oc-68b">
         <name>.text:spi_Write</name>
         <load_address>0x2000c5f0</load_address>
         <run_address>0x2000c5f0</run_address>
         <size>0x98</size>
         <input_file_ref idref="fl-16d"/>
      </object_component>
      <object_component id="oc-1d5">
         <name>.text:PRCMPeripheralClockGet</name>
         <load_address>0x2000c688</load_address>
         <run_address>0x2000c688</run_address>
         <size>0x94</size>
         <input_file_ref idref="fl-161"/>
      </object_component>
      <object_component id="oc-827">
         <name>.text:_sl_HandleAsync_DnsGetHostByName</name>
         <load_address>0x2000c71c</load_address>
         <run_address>0x2000c71c</run_address>
         <size>0x90</size>
         <input_file_ref idref="fl-168"/>
      </object_component>
      <object_component id="oc-7bc">
         <name>.text:_sl_HandleAsync_PingResponse</name>
         <load_address>0x2000c7ac</load_address>
         <run_address>0x2000c7ac</run_address>
         <size>0x90</size>
         <input_file_ref idref="fl-168"/>
      </object_component>
      <object_component id="oc-fe">
         <name>.text:sl_WlanPolicySet</name>
         <load_address>0x2000c83c</load_address>
         <run_address>0x2000c83c</run_address>
         <size>0x90</size>
         <input_file_ref idref="fl-16c"/>
      </object_component>
      <object_component id="oc-7c3">
         <name>.text:SetupDMAReceive</name>
         <load_address>0x2000c8cc</load_address>
         <run_address>0x2000c8cc</run_address>
         <size>0x8c</size>
         <input_file_ref idref="fl-16d"/>
      </object_component>
      <object_component id="oc-744">
         <name>.text:SetupDMASend</name>
         <load_address>0x2000c958</load_address>
         <run_address>0x2000c958</run_address>
         <size>0x8c</size>
         <input_file_ref idref="fl-16d"/>
      </object_component>
      <object_component id="oc-633">
         <name>.text:_SlDrvIsTimeoutExpired</name>
         <load_address>0x2000c9e4</load_address>
         <run_address>0x2000c9e4</run_address>
         <size>0x8c</size>
         <input_file_ref idref="fl-167"/>
      </object_component>
      <object_component id="oc-893">
         <name>.text:_sl_HandleAsync_InitComplete</name>
         <load_address>0x2000ca70</load_address>
         <run_address>0x2000ca70</run_address>
         <size>0x8c</size>
         <input_file_ref idref="fl-166"/>
      </object_component>
      <object_component id="oc-31e">
         <name>.text:sl_Socket</name>
         <load_address>0x2000cafc</load_address>
         <run_address>0x2000cafc</run_address>
         <size>0x8c</size>
         <input_file_ref idref="fl-16b"/>
      </object_component>
      <object_component id="oc-5c5">
         <name>.text:PinConfigSet</name>
         <load_address>0x2000cb88</load_address>
         <run_address>0x2000cb88</run_address>
         <size>0x88</size>
         <input_file_ref idref="fl-160"/>
      </object_component>
      <object_component id="oc-1e7">
         <name>.text</name>
         <load_address>0x2000cc10</load_address>
         <run_address>0x2000cc10</run_address>
         <size>0x88</size>
         <input_file_ref idref="fl-140"/>
      </object_component>
      <object_component id="oc-5d5">
         <name>.text:__aeabi_cdcmple</name>
         <load_address>0x2000cc98</load_address>
         <run_address>0x2000cc98</run_address>
         <size>0x86</size>
         <input_file_ref idref="fl-14a"/>
      </object_component>
      <object_component id="oc-5e4">
         <name>.text:__aeabi_cdrcmple</name>
         <load_address>0x2000cd1e</load_address>
         <run_address>0x2000cd1e</run_address>
         <size>0x86</size>
         <input_file_ref idref="fl-14a"/>
      </object_component>
      <object_component id="oc-125">
         <name>.text:sl_WlanRxFilterSet</name>
         <load_address>0x2000cda4</load_address>
         <run_address>0x2000cda4</run_address>
         <size>0x84</size>
         <input_file_ref idref="fl-16c"/>
      </object_component>
      <object_component id="oc-3a6">
         <name>.text:GPIOIntTypeSet</name>
         <load_address>0x2000ce28</load_address>
         <run_address>0x2000ce28</run_address>
         <size>0x82</size>
         <input_file_ref idref="fl-15e"/>
      </object_component>
      <object_component id="oc-84f">
         <name>.text:_sl_HandleAsync_Connect</name>
         <load_address>0x2000ceac</load_address>
         <run_address>0x2000ceac</run_address>
         <size>0x80</size>
         <input_file_ref idref="fl-16b"/>
      </object_component>
      <object_component id="oc-7c9">
         <name>.text:spi_Read_CPU</name>
         <load_address>0x2000cf2c</load_address>
         <run_address>0x2000cf2c</run_address>
         <size>0x80</size>
         <input_file_ref idref="fl-16d"/>
      </object_component>
      <object_component id="oc-756">
         <name>.text:spi_Write_CPU</name>
         <load_address>0x2000cfac</load_address>
         <run_address>0x2000cfac</run_address>
         <size>0x80</size>
         <input_file_ref idref="fl-16d"/>
      </object_component>
      <object_component id="oc-4f">
         <name>.text</name>
         <load_address>0x2000d02c</load_address>
         <run_address>0x2000d02c</run_address>
         <size>0x7a</size>
         <input_file_ref idref="fl-13a"/>
      </object_component>
      <object_component id="oc-29f">
         <name>.text:spi_Close</name>
         <load_address>0x2000d0a8</load_address>
         <run_address>0x2000d0a8</run_address>
         <size>0x78</size>
         <input_file_ref idref="fl-16d"/>
      </object_component>
      <object_component id="oc-1db">
         <name>.text:UARTConfigSetExpClk</name>
         <load_address>0x2000d120</load_address>
         <run_address>0x2000d120</run_address>
         <size>0x76</size>
         <input_file_ref idref="fl-162"/>
      </object_component>
      <object_component id="oc-e6">
         <name>.text:_SlNonOsMainLoopTask</name>
         <load_address>0x2000d198</load_address>
         <run_address>0x2000d198</run_address>
         <size>0x74</size>
         <input_file_ref idref="fl-16a"/>
      </object_component>
      <object_component id="oc-89d">
         <name>.text:_SlDrvCmdSend</name>
         <load_address>0x2000d20c</load_address>
         <run_address>0x2000d20c</run_address>
         <size>0x6c</size>
         <input_file_ref idref="fl-167"/>
      </object_component>
      <object_component id="oc-839">
         <name>.text:_sl_NetAppSendTokenValue</name>
         <load_address>0x2000d278</load_address>
         <run_address>0x2000d278</run_address>
         <size>0x6c</size>
         <input_file_ref idref="fl-168"/>
      </object_component>
      <object_component id="oc-61">
         <name>.text</name>
         <load_address>0x2000d2e4</load_address>
         <run_address>0x2000d2e4</run_address>
         <size>0x6c</size>
         <input_file_ref idref="fl-145"/>
      </object_component>
      <object_component id="oc-42">
         <name>.text</name>
         <load_address>0x2000d350</load_address>
         <run_address>0x2000d350</run_address>
         <size>0x6a</size>
         <input_file_ref idref="fl-134"/>
      </object_component>
      <object_component id="oc-6f2">
         <name>.text</name>
         <load_address>0x2000d3ba</load_address>
         <run_address>0x2000d3ba</run_address>
         <size>0x66</size>
         <input_file_ref idref="fl-157"/>
      </object_component>
      <object_component id="oc-4dc">
         <name>.text:_SlNonOsSpawn</name>
         <load_address>0x2000d420</load_address>
         <run_address>0x2000d420</run_address>
         <size>0x64</size>
         <input_file_ref idref="fl-16a"/>
      </object_component>
      <object_component id="oc-849">
         <name>.text:_sl_HandleAsync_Accept</name>
         <load_address>0x2000d484</load_address>
         <run_address>0x2000d484</run_address>
         <size>0x64</size>
         <input_file_ref idref="fl-16b"/>
      </object_component>
      <object_component id="oc-11c">
         <name>.text:sl_NetAppMDNSUnRegisterService</name>
         <load_address>0x2000d4e8</load_address>
         <run_address>0x2000d4e8</run_address>
         <size>0x64</size>
         <input_file_ref idref="fl-168"/>
      </object_component>
      <object_component id="oc-64a">
         <name>.text:uDMAChannelAttributeDisable</name>
         <load_address>0x2000d54c</load_address>
         <run_address>0x2000d54c</run_address>
         <size>0x64</size>
         <input_file_ref idref="fl-175"/>
      </object_component>
      <object_component id="oc-869">
         <name>.text:uDMAChannelAttributeEnable</name>
         <load_address>0x2000d5b0</load_address>
         <run_address>0x2000d5b0</run_address>
         <size>0x64</size>
         <input_file_ref idref="fl-175"/>
      </object_component>
      <object_component id="oc-32a">
         <name>.text:sl_Close</name>
         <load_address>0x2000d614</load_address>
         <run_address>0x2000d614</run_address>
         <size>0x60</size>
         <input_file_ref idref="fl-16b"/>
      </object_component>
      <object_component id="oc-104">
         <name>.text:sl_WlanProfileDel</name>
         <load_address>0x2000d674</load_address>
         <run_address>0x2000d674</run_address>
         <size>0x60</size>
         <input_file_ref idref="fl-16c"/>
      </object_component>
      <object_component id="oc-ec">
         <name>.text:sl_WlanSetMode</name>
         <load_address>0x2000d6d4</load_address>
         <run_address>0x2000d6d4</run_address>
         <size>0x60</size>
         <input_file_ref idref="fl-16c"/>
      </object_component>
      <object_component id="oc-3df">
         <name>.text:IntPendClear</name>
         <load_address>0x2000d734</load_address>
         <run_address>0x2000d734</run_address>
         <size>0x58</size>
         <input_file_ref idref="fl-15f"/>
      </object_component>
      <object_component id="oc-399">
         <name>.text:PRCMPeripheralReset</name>
         <load_address>0x2000d78c</load_address>
         <run_address>0x2000d78c</run_address>
         <size>0x58</size>
         <input_file_ref idref="fl-161"/>
      </object_component>
      <object_component id="oc-5ee">
         <name>.text</name>
         <load_address>0x2000d7e4</load_address>
         <run_address>0x2000d7e4</run_address>
         <size>0x56</size>
         <input_file_ref idref="fl-151"/>
      </object_component>
      <object_component id="oc-3ac">
         <name>.text:IntPrioritySet</name>
         <load_address>0x2000d83c</load_address>
         <run_address>0x2000d83c</run_address>
         <size>0x54</size>
         <input_file_ref idref="fl-15f"/>
      </object_component>
      <object_component id="oc-272">
         <name>.text:_SlDrvRxIrqHandler</name>
         <load_address>0x2000d890</load_address>
         <run_address>0x2000d890</run_address>
         <size>0x54</size>
         <input_file_ref idref="fl-167"/>
      </object_component>
      <object_component id="oc-855">
         <name>.text:_sl_HandleAsync_Select</name>
         <load_address>0x2000d8e4</load_address>
         <run_address>0x2000d8e4</run_address>
         <size>0x54</size>
         <input_file_ref idref="fl-16b"/>
      </object_component>
      <object_component id="oc-85b">
         <name>.text:_sl_HandleAsync_Stop</name>
         <load_address>0x2000d938</load_address>
         <run_address>0x2000d938</run_address>
         <size>0x50</size>
         <input_file_ref idref="fl-166"/>
      </object_component>
      <object_component id="oc-480">
         <name>.text:SPIIntEnable</name>
         <load_address>0x2000d988</load_address>
         <run_address>0x2000d988</run_address>
         <size>0x4c</size>
         <input_file_ref idref="fl-173"/>
      </object_component>
      <object_component id="oc-696">
         <name>.text:SPIIntNumberGet</name>
         <load_address>0x2000d9d4</load_address>
         <run_address>0x2000d9d4</run_address>
         <size>0x4c</size>
         <input_file_ref idref="fl-173"/>
      </object_component>
      <object_component id="oc-242">
         <name>.text:_SlDrvProtectAsyncRespSetting</name>
         <load_address>0x2000da20</load_address>
         <run_address>0x2000da20</run_address>
         <size>0x4c</size>
         <input_file_ref idref="fl-167"/>
      </object_component>
      <object_component id="oc-561">
         <name>.text:_sl_BuildAddress</name>
         <load_address>0x2000da6c</load_address>
         <run_address>0x2000da6c</run_address>
         <size>0x4c</size>
         <input_file_ref idref="fl-16b"/>
      </object_component>
      <object_component id="oc-616">
         <name>.text</name>
         <load_address>0x2000dab8</load_address>
         <run_address>0x2000dab8</run_address>
         <size>0x4c</size>
         <input_file_ref idref="fl-144"/>
      </object_component>
      <object_component id="oc-97">
         <name>.text</name>
         <load_address>0x2000db04</load_address>
         <run_address>0x2000db04</run_address>
         <size>0x4c</size>
         <input_file_ref idref="fl-146"/>
      </object_component>
      <object_component id="oc-644">
         <name>.text:uDMAChannelAssign</name>
         <load_address>0x2000db50</load_address>
         <run_address>0x2000db50</run_address>
         <size>0x4c</size>
         <input_file_ref idref="fl-175"/>
      </object_component>
      <object_component id="oc-5a9">
         <name>.text:GPIOGetIntNumber</name>
         <load_address>0x2000db9c</load_address>
         <run_address>0x2000db9c</run_address>
         <size>0x48</size>
         <input_file_ref idref="fl-15e"/>
      </object_component>
      <object_component id="oc-666">
         <name>.text:SPIIntClear</name>
         <load_address>0x2000dbe4</load_address>
         <run_address>0x2000dbe4</run_address>
         <size>0x48</size>
         <input_file_ref idref="fl-173"/>
      </object_component>
      <object_component id="oc-2cb">
         <name>.text:_SlDrvBasicCmd</name>
         <load_address>0x2000dc2c</load_address>
         <run_address>0x2000dc2c</run_address>
         <size>0x48</size>
         <input_file_ref idref="fl-167"/>
      </object_component>
      <object_component id="oc-5e9">
         <name>.text</name>
         <load_address>0x2000dc74</load_address>
         <run_address>0x2000dc74</run_address>
         <size>0x48</size>
         <input_file_ref idref="fl-14d"/>
      </object_component>
      <object_component id="oc-604">
         <name>.text</name>
         <load_address>0x2000dcbc</load_address>
         <run_address>0x2000dcbc</run_address>
         <size>0x46</size>
         <input_file_ref idref="fl-150"/>
      </object_component>
      <object_component id="oc-655">
         <name>.text:SPIDmaMaskGet</name>
         <load_address>0x2000dd04</load_address>
         <run_address>0x2000dd04</run_address>
         <size>0x44</size>
         <input_file_ref idref="fl-173"/>
      </object_component>
      <object_component id="oc-7ff">
         <name>.text:TimerConfigure</name>
         <load_address>0x2000dd48</load_address>
         <run_address>0x2000dd48</run_address>
         <size>0x44</size>
         <input_file_ref idref="fl-174"/>
      </object_component>
      <object_component id="oc-25a">
         <name>.text:_SlDrvSyncObjWaitTimeout</name>
         <load_address>0x2000dd8c</load_address>
         <run_address>0x2000dd8c</run_address>
         <size>0x44</size>
         <input_file_ref idref="fl-167"/>
      </object_component>
      <object_component id="oc-7d6">
         <name>.text:cc_SetupTransfer</name>
         <load_address>0x2000ddd0</load_address>
         <run_address>0x2000ddd0</run_address>
         <size>0x44</size>
         <input_file_ref idref="fl-16d"/>
      </object_component>
      <object_component id="oc-6d">
         <name>.text</name>
         <load_address>0x2000de14</load_address>
         <run_address>0x2000de14</run_address>
         <size>0x44</size>
         <input_file_ref idref="fl-136"/>
      </object_component>
      <object_component id="oc-169">
         <name>.text:sl_Htonl</name>
         <load_address>0x2000de58</load_address>
         <run_address>0x2000de58</run_address>
         <size>0x42</size>
         <input_file_ref idref="fl-16b"/>
      </object_component>
      <object_component id="oc-5bf">
         <name>.text:PinModeSet</name>
         <load_address>0x2000de9c</load_address>
         <run_address>0x2000de9c</run_address>
         <size>0x40</size>
         <input_file_ref idref="fl-160"/>
      </object_component>
      <object_component id="oc-6ab">
         <name>.text:_sl_TruncatePayloadByProtocol</name>
         <load_address>0x2000dedc</load_address>
         <run_address>0x2000dedc</run_address>
         <size>0x40</size>
         <input_file_ref idref="fl-16b"/>
      </object_component>
      <object_component id="oc-87e">
         <name>.text</name>
         <load_address>0x2000df1c</load_address>
         <run_address>0x2000df1c</run_address>
         <size>0x40</size>
         <input_file_ref idref="fl-15c"/>
      </object_component>
      <object_component id="oc-24e">
         <name>.text:NwpRegisterInterruptHandler</name>
         <load_address>0x2000df5c</load_address>
         <run_address>0x2000df5c</run_address>
         <size>0x3e</size>
         <input_file_ref idref="fl-16d"/>
      </object_component>
      <object_component id="oc-840">
         <name>.text:CopyPingResultsToReport</name>
         <load_address>0x2000df9a</load_address>
         <run_address>0x2000df9a</run_address>
         <size>0x3c</size>
         <input_file_ref idref="fl-168"/>
      </object_component>
      <object_component id="oc-393">
         <name>.text:PRCMPeripheralClkEnable</name>
         <load_address>0x2000dfd8</load_address>
         <run_address>0x2000dfd8</run_address>
         <size>0x3c</size>
         <input_file_ref idref="fl-161"/>
      </object_component>
      <object_component id="oc-24">
         <name>.text</name>
         <load_address>0x2000e014</load_address>
         <run_address>0x2000e014</run_address>
         <size>0x3c</size>
         <input_file_ref idref="fl-132"/>
      </object_component>
      <object_component id="oc-79c">
         <name>.text:simplelink_timerA2_start</name>
         <load_address>0x2000e050</load_address>
         <run_address>0x2000e050</run_address>
         <size>0x3c</size>
         <input_file_ref idref="fl-16d"/>
      </object_component>
      <object_component id="oc-163">
         <name>.text:sl_Htons</name>
         <load_address>0x2000e08c</load_address>
         <run_address>0x2000e08c</run_address>
         <size>0x3c</size>
         <input_file_ref idref="fl-16b"/>
      </object_component>
      <object_component id="oc-863">
         <name>.text:uDMAChannelControlSet</name>
         <load_address>0x2000e0c8</load_address>
         <run_address>0x2000e0c8</run_address>
         <size>0x3c</size>
         <input_file_ref idref="fl-175"/>
      </object_component>
      <object_component id="oc-248">
         <name>.text:NwpPowerOff</name>
         <load_address>0x2000e104</load_address>
         <run_address>0x2000e104</run_address>
         <size>0x38</size>
         <input_file_ref idref="fl-16d"/>
      </object_component>
      <object_component id="oc-10a">
         <name>.text:sl_WlanDisconnect</name>
         <load_address>0x2000e13c</load_address>
         <run_address>0x2000e13c</run_address>
         <size>0x38</size>
         <input_file_ref idref="fl-16c"/>
      </object_component>
      <object_component id="oc-402">
         <name>.text:GPIODirModeSet</name>
         <load_address>0x2000e174</load_address>
         <run_address>0x2000e174</run_address>
         <size>0x36</size>
         <input_file_ref idref="fl-15e"/>
      </object_component>
      <object_component id="oc-45c">
         <name>.text:PRCMPeripheralStatusGet</name>
         <load_address>0x2000e1ac</load_address>
         <run_address>0x2000e1ac</run_address>
         <size>0x34</size>
         <input_file_ref idref="fl-161"/>
      </object_component>
      <object_component id="oc-474">
         <name>.text:SPIFIFOLevelSet</name>
         <load_address>0x2000e1e0</load_address>
         <run_address>0x2000e1e0</run_address>
         <size>0x34</size>
         <input_file_ref idref="fl-173"/>
      </object_component>
      <object_component id="oc-78d">
         <name>.text</name>
         <load_address>0x2000e214</load_address>
         <run_address>0x2000e214</run_address>
         <size>0x34</size>
         <input_file_ref idref="fl-15a"/>
      </object_component>
      <object_component id="oc-3fc">
         <name>.text:PinTypeGPIO</name>
         <load_address>0x2000e248</load_address>
         <run_address>0x2000e248</run_address>
         <size>0x30</size>
         <input_file_ref idref="fl-160"/>
      </object_component>
      <object_component id="oc-40d">
         <name>.text:UARTDisable</name>
         <load_address>0x2000e278</load_address>
         <run_address>0x2000e278</run_address>
         <size>0x30</size>
         <input_file_ref idref="fl-162"/>
      </object_component>
      <object_component id="oc-700">
         <name>.text</name>
         <load_address>0x2000e2a8</load_address>
         <run_address>0x2000e2a8</run_address>
         <size>0x30</size>
         <input_file_ref idref="fl-158"/>
      </object_component>
      <object_component id="oc-5f4">
         <name>.text</name>
         <load_address>0x2000e2d8</load_address>
         <run_address>0x2000e2d8</run_address>
         <size>0x2e</size>
         <input_file_ref idref="fl-14f"/>
      </object_component>
      <object_component id="oc-7f5">
         <name>.text</name>
         <load_address>0x2000e306</load_address>
         <run_address>0x2000e306</run_address>
         <size>0x2e</size>
         <input_file_ref idref="fl-15b"/>
      </object_component>
      <object_component id="oc-254">
         <name>.text:NwpPowerOn</name>
         <load_address>0x2000e334</load_address>
         <run_address>0x2000e334</run_address>
         <size>0x2c</size>
         <input_file_ref idref="fl-16d"/>
      </object_component>
      <object_component id="oc-381">
         <name>.text:PRCMSysResetCauseGet</name>
         <load_address>0x2000e360</load_address>
         <run_address>0x2000e360</run_address>
         <size>0x2c</size>
         <input_file_ref idref="fl-161"/>
      </object_component>
      <object_component id="oc-4ef">
         <name>.text:_SlDrvObjGlobalLockWaitForever</name>
         <load_address>0x2000e38c</load_address>
         <run_address>0x2000e38c</run_address>
         <size>0x2c</size>
         <input_file_ref idref="fl-167"/>
      </object_component>
      <object_component id="oc-357">
         <name>.text:_SlDrvProtectionObjLockWaitForever</name>
         <load_address>0x2000e3b8</load_address>
         <run_address>0x2000e3b8</run_address>
         <size>0x2c</size>
         <input_file_ref idref="fl-167"/>
      </object_component>
      <object_component id="oc-80b">
         <name>.text:TimerLoadSet</name>
         <load_address>0x2000e3e4</load_address>
         <run_address>0x2000e3e4</run_address>
         <size>0x2a</size>
         <input_file_ref idref="fl-174"/>
      </object_component>
      <object_component id="oc-805">
         <name>.text:TimerPrescaleSet</name>
         <load_address>0x2000e40e</load_address>
         <run_address>0x2000e40e</run_address>
         <size>0x2a</size>
         <input_file_ref idref="fl-174"/>
      </object_component>
      <object_component id="oc-60a">
         <name>.text</name>
         <load_address>0x2000e438</load_address>
         <run_address>0x2000e438</run_address>
         <size>0x2a</size>
         <input_file_ref idref="fl-155"/>
      </object_component>
      <object_component id="oc-39f">
         <name>.text:PRCMPeripheralClkDisable</name>
         <load_address>0x2000e464</load_address>
         <run_address>0x2000e464</run_address>
         <size>0x28</size>
         <input_file_ref idref="fl-161"/>
      </object_component>
      <object_component id="oc-4f5">
         <name>.text:_SlDrvGlobalObjUnLock</name>
         <load_address>0x2000e48c</load_address>
         <run_address>0x2000e48c</run_address>
         <size>0x28</size>
         <input_file_ref idref="fl-167"/>
      </object_component>
      <object_component id="oc-35d">
         <name>.text:_SlDrvProtectionObjUnLock</name>
         <load_address>0x2000e4b4</load_address>
         <run_address>0x2000e4b4</run_address>
         <size>0x28</size>
         <input_file_ref idref="fl-167"/>
      </object_component>
      <object_component id="oc-363">
         <name>.text:_SlDrvSyncObjWaitForever</name>
         <load_address>0x2000e4dc</load_address>
         <run_address>0x2000e4dc</run_address>
         <size>0x28</size>
         <input_file_ref idref="fl-167"/>
      </object_component>
      <object_component id="oc-763">
         <name>.text:_SlDrvObjLockWaitForever</name>
         <load_address>0x2000e504</load_address>
         <run_address>0x2000e504</run_address>
         <size>0x26</size>
         <input_file_ref idref="fl-167"/>
      </object_component>
      <object_component id="oc-13b">
         <name>.text</name>
         <load_address>0x2000e52a</load_address>
         <run_address>0x2000e52a</run_address>
         <size>0x26</size>
         <input_file_ref idref="fl-13e"/>
      </object_component>
      <object_component id="oc-492">
         <name>.text:DmaSpiSwIntHandler</name>
         <load_address>0x2000e550</load_address>
         <run_address>0x2000e550</run_address>
         <size>0x24</size>
         <input_file_ref idref="fl-16d"/>
      </object_component>
      <object_component id="oc-4a8">
         <name>.text:IntUnregister</name>
         <load_address>0x2000e574</load_address>
         <run_address>0x2000e574</run_address>
         <size>0x24</size>
         <input_file_ref idref="fl-15f"/>
      </object_component>
      <object_component id="oc-413">
         <name>.text:UARTEnable</name>
         <load_address>0x2000e598</load_address>
         <run_address>0x2000e598</run_address>
         <size>0x24</size>
         <input_file_ref idref="fl-162"/>
      </object_component>
      <object_component id="oc-1f9">
         <name>.text</name>
         <load_address>0x2000e5bc</load_address>
         <run_address>0x2000e5bc</run_address>
         <size>0x24</size>
         <input_file_ref idref="fl-138"/>
      </object_component>
      <object_component id="oc-3d9">
         <name>.text:GPIOIntStatus</name>
         <load_address>0x2000e5e0</load_address>
         <run_address>0x2000e5e0</run_address>
         <size>0x22</size>
         <input_file_ref idref="fl-15e"/>
      </object_component>
      <object_component id="oc-450">
         <name>.text:SPIReset</name>
         <load_address>0x2000e602</load_address>
         <run_address>0x2000e602</run_address>
         <size>0x22</size>
         <input_file_ref idref="fl-173"/>
      </object_component>
      <object_component id="oc-750">
         <name>.text:SPIWordCountSet</name>
         <load_address>0x2000e624</load_address>
         <run_address>0x2000e624</run_address>
         <size>0x22</size>
         <input_file_ref idref="fl-173"/>
      </object_component>
      <object_component id="oc-5fe">
         <name>.text</name>
         <load_address>0x2000e646</load_address>
         <run_address>0x2000e646</run_address>
         <size>0x22</size>
         <input_file_ref idref="fl-14e"/>
      </object_component>
      <object_component id="oc-3c4">
         <name>.text:GPIOPinWrite</name>
         <load_address>0x2000e668</load_address>
         <run_address>0x2000e668</run_address>
         <size>0x20</size>
         <input_file_ref idref="fl-15e"/>
      </object_component>
      <object_component id="oc-47a">
         <name>.text:IntRegister</name>
         <load_address>0x2000e688</load_address>
         <run_address>0x2000e688</run_address>
         <size>0x20</size>
         <input_file_ref idref="fl-15f"/>
      </object_component>
      <object_component id="oc-299">
         <name>.text:NwpPrePowerOffTimout0</name>
         <load_address>0x2000e6a8</load_address>
         <run_address>0x2000e6a8</run_address>
         <size>0x20</size>
         <input_file_ref idref="fl-16d"/>
      </object_component>
      <object_component id="oc-715">
         <name>.text:TimerGetCurrentTimestamp</name>
         <load_address>0x2000e6c8</load_address>
         <run_address>0x2000e6c8</run_address>
         <size>0x20</size>
         <input_file_ref idref="fl-16d"/>
      </object_component>
      <object_component id="oc-769">
         <name>.text:_SlDrvObjUnLock</name>
         <load_address>0x2000e6e8</load_address>
         <run_address>0x2000e6e8</run_address>
         <size>0x20</size>
         <input_file_ref idref="fl-167"/>
      </object_component>
      <object_component id="oc-4c3">
         <name>.text:_SlDrvSyncObjSignal</name>
         <load_address>0x2000e708</load_address>
         <run_address>0x2000e708</run_address>
         <size>0x20</size>
         <input_file_ref idref="fl-167"/>
      </object_component>
      <object_component id="oc-3b2">
         <name>.text:GPIOIntRegister</name>
         <load_address>0x2000e728</load_address>
         <run_address>0x2000e728</run_address>
         <size>0x1e</size>
         <input_file_ref idref="fl-15e"/>
      </object_component>
      <object_component id="oc-811">
         <name>.text:TimerEnable</name>
         <load_address>0x2000e746</load_address>
         <run_address>0x2000e746</run_address>
         <size>0x1e</size>
         <input_file_ref idref="fl-174"/>
      </object_component>
      <object_component id="oc-1e1">
         <name>.text:UARTCharPut</name>
         <load_address>0x2000e764</load_address>
         <run_address>0x2000e764</run_address>
         <size>0x1e</size>
         <input_file_ref idref="fl-162"/>
      </object_component>
      <object_component id="oc-462">
         <name>.text:cc_UDMAChannelSelect</name>
         <load_address>0x2000e782</load_address>
         <run_address>0x2000e782</run_address>
         <size>0x1e</size>
         <input_file_ref idref="fl-16d"/>
      </object_component>
      <object_component id="oc-7a2">
         <name>.text:TimerValueGet</name>
         <load_address>0x2000e7a0</load_address>
         <run_address>0x2000e7a0</run_address>
         <size>0x1c</size>
         <input_file_ref idref="fl-174"/>
      </object_component>
      <object_component id="oc-1f3">
         <name>.text:UARTCharGetNonBlocking</name>
         <load_address>0x2000e7bc</load_address>
         <run_address>0x2000e7bc</run_address>
         <size>0x1c</size>
         <input_file_ref idref="fl-162"/>
      </object_component>
      <object_component id="oc-62d">
         <name>.text:_SlDrvStartMeasureTimeout</name>
         <load_address>0x2000e7d8</load_address>
         <run_address>0x2000e7d8</run_address>
         <size>0x1c</size>
         <input_file_ref idref="fl-167"/>
      </object_component>
      <object_component id="oc-610">
         <name>.text</name>
         <load_address>0x2000e7f4</load_address>
         <run_address>0x2000e7f4</run_address>
         <size>0x1c</size>
         <input_file_ref idref="fl-152"/>
      </object_component>
      <object_component id="oc-875">
         <name>.text:uDMAChannelEnable</name>
         <load_address>0x2000e810</load_address>
         <run_address>0x2000e810</run_address>
         <size>0x1c</size>
         <input_file_ref idref="fl-175"/>
      </object_component>
      <object_component id="oc-3e5">
         <name>.text:GPIOIntDisable</name>
         <load_address>0x2000e82c</load_address>
         <run_address>0x2000e82c</run_address>
         <size>0x1a</size>
         <input_file_ref idref="fl-15e"/>
      </object_component>
      <object_component id="oc-3be">
         <name>.text:GPIOIntEnable</name>
         <load_address>0x2000e846</load_address>
         <run_address>0x2000e846</run_address>
         <size>0x1a</size>
         <input_file_ref idref="fl-15e"/>
      </object_component>
      <object_component id="oc-3f6">
         <name>.text:PinTypeUART</name>
         <load_address>0x2000e860</load_address>
         <run_address>0x2000e860</run_address>
         <size>0x1a</size>
         <input_file_ref idref="fl-160"/>
      </object_component>
      <object_component id="oc-519">
         <name>.text:SPIDmaDisable</name>
         <load_address>0x2000e87a</load_address>
         <run_address>0x2000e87a</run_address>
         <size>0x1a</size>
         <input_file_ref idref="fl-173"/>
      </object_component>
      <object_component id="oc-46e">
         <name>.text:SPIDmaEnable</name>
         <load_address>0x2000e894</load_address>
         <run_address>0x2000e894</run_address>
         <size>0x1a</size>
         <input_file_ref idref="fl-173"/>
      </object_component>
      <object_component id="oc-513">
         <name>.text:SPIFIFODisable</name>
         <load_address>0x2000e8ae</load_address>
         <run_address>0x2000e8ae</run_address>
         <size>0x1a</size>
         <input_file_ref idref="fl-173"/>
      </object_component>
      <object_component id="oc-468">
         <name>.text:SPIFIFOEnable</name>
         <load_address>0x2000e8c8</load_address>
         <run_address>0x2000e8c8</run_address>
         <size>0x1a</size>
         <input_file_ref idref="fl-173"/>
      </object_component>
      <object_component id="oc-50d">
         <name>.text:SPIIntUnregister</name>
         <load_address>0x2000e8e2</load_address>
         <run_address>0x2000e8e2</run_address>
         <size>0x1a</size>
         <input_file_ref idref="fl-173"/>
      </object_component>
      <object_component id="oc-3d0">
         <name>.text:GPIOPinRead</name>
         <load_address>0x2000e8fc</load_address>
         <run_address>0x2000e8fc</run_address>
         <size>0x18</size>
         <input_file_ref idref="fl-15e"/>
      </object_component>
      <object_component id="oc-444">
         <name>.text:SPICSDisable</name>
         <load_address>0x2000e914</load_address>
         <run_address>0x2000e914</run_address>
         <size>0x18</size>
         <input_file_ref idref="fl-173"/>
      </object_component>
      <object_component id="oc-74a">
         <name>.text:SPICSEnable</name>
         <load_address>0x2000e92c</load_address>
         <run_address>0x2000e92c</run_address>
         <size>0x18</size>
         <input_file_ref idref="fl-173"/>
      </object_component>
      <object_component id="oc-44a">
         <name>.text:SPIDisable</name>
         <load_address>0x2000e944</load_address>
         <run_address>0x2000e944</run_address>
         <size>0x18</size>
         <input_file_ref idref="fl-173"/>
      </object_component>
      <object_component id="oc-486">
         <name>.text:SPIEnable</name>
         <load_address>0x2000e95c</load_address>
         <run_address>0x2000e95c</run_address>
         <size>0x18</size>
         <input_file_ref idref="fl-173"/>
      </object_component>
      <object_component id="oc-1ed">
         <name>.text:UARTCharsAvail</name>
         <load_address>0x2000e974</load_address>
         <run_address>0x2000e974</run_address>
         <size>0x18</size>
         <input_file_ref idref="fl-162"/>
      </object_component>
      <object_component id="oc-433">
         <name>.text:_SlNonOsSemSet</name>
         <load_address>0x2000e98c</load_address>
         <run_address>0x2000e98c</run_address>
         <size>0x18</size>
         <input_file_ref idref="fl-16a"/>
      </object_component>
      <object_component id="oc-266">
         <name>.text:_sl_GetStartResponseConvert</name>
         <load_address>0x2000e9a4</load_address>
         <run_address>0x2000e9a4</run_address>
         <size>0x18</size>
         <input_file_ref idref="fl-166"/>
      </object_component>
      <object_component id="oc-67">
         <name>.text</name>
         <load_address>0x2000e9bc</load_address>
         <run_address>0x2000e9bc</run_address>
         <size>0x18</size>
         <input_file_ref idref="fl-143"/>
      </object_component>
      <object_component id="oc-300">
         <name>.text</name>
         <load_address>0x2000e9d4</load_address>
         <run_address>0x2000e9d4</run_address>
         <size>0x18</size>
         <input_file_ref idref="fl-171"/>
      </object_component>
      <object_component id="oc-387">
         <name>.text:PRCMHIBRegRead</name>
         <load_address>0x2000e9ec</load_address>
         <run_address>0x2000e9ec</run_address>
         <size>0x16</size>
         <input_file_ref idref="fl-161"/>
      </object_component>
      <object_component id="oc-38d">
         <name>.text:PRCMHIBRegWrite</name>
         <load_address>0x2000ea02</load_address>
         <run_address>0x2000ea02</run_address>
         <size>0x16</size>
         <input_file_ref idref="fl-161"/>
      </object_component>
      <object_component id="oc-2f0">
         <name>.text:_SlDrvMemZero</name>
         <load_address>0x2000ea18</load_address>
         <run_address>0x2000ea18</run_address>
         <size>0x16</size>
         <input_file_ref idref="fl-167"/>
      </object_component>
      <object_component id="oc-318">
         <name>.text</name>
         <load_address>0x2000ea2e</load_address>
         <run_address>0x2000ea2e</run_address>
         <size>0x16</size>
         <input_file_ref idref="fl-153"/>
      </object_component>
      <object_component id="oc-376">
         <name>.text:CPUcpsie</name>
         <load_address>0x2000ea44</load_address>
         <run_address>0x2000ea44</run_address>
         <size>0x14</size>
         <input_file_ref idref="fl-164"/>
      </object_component>
      <object_component id="oc-3b8">
         <name>.text:GPIOIntClear</name>
         <load_address>0x2000ea58</load_address>
         <run_address>0x2000ea58</run_address>
         <size>0x14</size>
         <input_file_ref idref="fl-15e"/>
      </object_component>
      <object_component id="oc-16f">
         <name>.text:IntVTableBaseSet</name>
         <load_address>0x2000ea6c</load_address>
         <run_address>0x2000ea6c</run_address>
         <size>0x14</size>
         <input_file_ref idref="fl-15f"/>
      </object_component>
      <object_component id="oc-1c0">
         <name>.text</name>
         <load_address>0x2000ea80</load_address>
         <run_address>0x2000ea80</run_address>
         <size>0x14</size>
         <input_file_ref idref="fl-141"/>
      </object_component>
      <object_component id="oc-312">
         <name>.text</name>
         <load_address>0x2000ea94</load_address>
         <run_address>0x2000ea94</run_address>
         <size>0x14</size>
         <input_file_ref idref="fl-172"/>
      </object_component>
      <object_component id="oc-147">
         <name>.text</name>
         <load_address>0x2000eaa8</load_address>
         <run_address>0x2000eaa8</run_address>
         <size>0x14</size>
         <input_file_ref idref="fl-13d"/>
      </object_component>
      <object_component id="oc-833">
         <name>.text:_SlDrvDispatchHttpServerEvents</name>
         <load_address>0x2000eabc</load_address>
         <run_address>0x2000eabc</run_address>
         <size>0x10</size>
         <input_file_ref idref="fl-167"/>
      </object_component>
      <object_component id="oc-2b4">
         <name>.text:_SlDrvResetCmdExt</name>
         <load_address>0x2000eacc</load_address>
         <run_address>0x2000eacc</run_address>
         <size>0xe</size>
         <input_file_ref idref="fl-167"/>
      </object_component>
      <object_component id="oc-12">
         <name>.text:decompress:none</name>
         <load_address>0x2000eada</load_address>
         <run_address>0x2000eada</run_address>
         <size>0xe</size>
         <input_file_ref idref="fl-133"/>
      </object_component>
      <object_component id="oc-2d">
         <name>.text</name>
         <load_address>0x2000eae8</load_address>
         <run_address>0x2000eae8</run_address>
         <size>0xe</size>
         <input_file_ref idref="fl-7"/>
      </object_component>
      <object_component id="oc-4a1">
         <name>.text:NwpMaskInterrupt</name>
         <load_address>0x2000eaf8</load_address>
         <run_address>0x2000eaf8</run_address>
         <size>0xc</size>
         <input_file_ref idref="fl-16d"/>
      </object_component>
      <object_component id="oc-4af">
         <name>.text:NwpUnMaskInterrupt</name>
         <load_address>0x2000eb04</load_address>
         <run_address>0x2000eb04</run_address>
         <size>0xc</size>
         <input_file_ref idref="fl-16d"/>
      </object_component>
      <object_component id="oc-1e">
         <name>.text:decompress:ZI</name>
         <load_address>0x2000eb10</load_address>
         <run_address>0x2000eb10</run_address>
         <size>0xc</size>
         <input_file_ref idref="fl-135"/>
      </object_component>
      <object_component id="oc-175">
         <name>.text:IntMasterEnable</name>
         <load_address>0x2000eb1c</load_address>
         <run_address>0x2000eb1c</run_address>
         <size>0xa</size>
         <input_file_ref idref="fl-15f"/>
      </object_component>
      <object_component id="oc-4a0">
         <name>.text:UtilsDelay</name>
         <load_address>0x2000eb26</load_address>
         <run_address>0x2000eb26</run_address>
         <size>0x6</size>
         <input_file_ref idref="fl-163"/>
      </object_component>
      <object_component id="oc-18">
         <name>.text:decompress:rle24</name>
         <load_address>0x2000eb2c</load_address>
         <run_address>0x2000eb2c</run_address>
         <size>0x6</size>
         <input_file_ref idref="fl-134"/>
      </object_component>
      <object_component id="oc-5b">
         <name>.text</name>
         <load_address>0x2000eb32</load_address>
         <run_address>0x2000eb32</run_address>
         <size>0x4</size>
         <input_file_ref idref="fl-13b"/>
      </object_component>
      <object_component id="oc-347">
         <name>.const:.string:_ctypes_</name>
         <load_address>0x2000eb38</load_address>
         <run_address>0x2000eb38</run_address>
         <size>0x101</size>
         <input_file_ref idref="fl-147"/>
      </object_component>
      <object_component id="oc-6e3">
         <name>.const:g_ulPinToPadMap</name>
         <load_address>0x2000ec3c</load_address>
         <run_address>0x2000ec3c</run_address>
         <size>0x100</size>
         <input_file_ref idref="fl-160"/>
      </object_component>
      <object_component id="oc-5a5">
         <name>.const:g_pulRegs</name>
         <load_address>0x2000ed3c</load_address>
         <run_address>0x2000ed3c</run_address>
         <size>0xd4</size>
         <input_file_ref idref="fl-15f"/>
      </object_component>
      <object_component id="oc-59d">
         <name>.const:PRCM_PeriphRegsList</name>
         <load_address>0x2000ee10</load_address>
         <run_address>0x2000ee10</run_address>
         <size>0xa8</size>
         <input_file_ref idref="fl-161"/>
      </object_component>
      <object_component id="oc-37d">
         <name>.const</name>
         <load_address>0x2000eeb8</load_address>
         <run_address>0x2000eeb8</run_address>
         <size>0x80</size>
         <input_file_ref idref="fl-15f"/>
      </object_component>
      <object_component id="oc-12b">
         <name>.const</name>
         <load_address>0x2000ef38</load_address>
         <run_address>0x2000ef38</run_address>
         <size>0x40</size>
         <input_file_ref idref="fl-4"/>
      </object_component>
      <object_component id="oc-153">
         <name>.const:.string</name>
         <load_address>0x2000ef78</load_address>
         <run_address>0x2000ef78</run_address>
         <size>0x3e</size>
         <input_file_ref idref="fl-4"/>
      </object_component>
      <object_component id="oc-740">
         <name>.const:OpcodeTranslateTable</name>
         <load_address>0x2000efb6</load_address>
         <run_address>0x2000efb6</run_address>
         <size>0x3c</size>
         <input_file_ref idref="fl-167"/>
      </object_component>
      <object_component id="oc-7d0">
         <name>.const:_SlActionLookupTable</name>
         <load_address>0x2000eff4</load_address>
         <run_address>0x2000eff4</run_address>
         <size>0x38</size>
         <input_file_ref idref="fl-167"/>
      </object_component>
      <object_component id="oc-122">
         <name>.const:$P$T1$2</name>
         <load_address>0x2000f02c</load_address>
         <run_address>0x2000f02c</run_address>
         <size>0x2c</size>
         <input_file_ref idref="fl-4"/>
      </object_component>
      <object_component id="oc-75f">
         <name>.const:g_ppulSPIIntMap</name>
         <load_address>0x2000f058</load_address>
         <run_address>0x2000f058</run_address>
         <size>0x24</size>
         <input_file_ref idref="fl-173"/>
      </object_component>
      <object_component id="oc-12e">
         <name>.const:.string:$P$T0$1</name>
         <load_address>0x2000f07c</load_address>
         <run_address>0x2000f07c</run_address>
         <size>0x22</size>
         <input_file_ref idref="fl-4"/>
      </object_component>
      <object_component id="oc-7b3">
         <name>.const:RxMsgClassLUT</name>
         <load_address>0x2000f0a0</load_address>
         <run_address>0x2000f0a0</run_address>
         <size>0x20</size>
         <input_file_ref idref="fl-167"/>
      </object_component>
      <object_component id="oc-721">
         <name>.const</name>
         <load_address>0x2000f0c0</load_address>
         <run_address>0x2000f0c0</run_address>
         <size>0x18</size>
         <input_file_ref idref="fl-173"/>
      </object_component>
      <object_component id="oc-7ac">
         <name>.const:$P$T0$1</name>
         <load_address>0x2000f0d8</load_address>
         <run_address>0x2000f0d8</run_address>
         <size>0x14</size>
         <input_file_ref idref="fl-167"/>
      </object_component>
      <object_component id="oc-639">
         <name>.const:$P$T0$1</name>
         <load_address>0x2000f0ec</load_address>
         <run_address>0x2000f0ec</run_address>
[...]
         <object_component_ref idref="oc-2f0"/>
      </symbol>
      <symbol id="sm-d84">
         <name>_SlDrvWaitForPoolObj</name>
         <value>0x20009f0d</value>
         <object_component_ref idref="oc-351"/>
      </symbol>
      <symbol id="sm-d85">
         <name>_SlDrvSyncObjSignal</name>
         <value>0x2000e709</value>
         <object_component_ref idref="oc-4c3"/>
      </symbol>
      <symbol id="sm-d86">
         <name>_SlDrvDataReadOp</name>
         <value>0x20009651</value>
         <object_component_ref idref="oc-6a1"/>
      </symbol>
      <symbol id="sm-d87">
         <name>_SlDrvDataWriteOp</name>
         <value>0x2000a66d</value>
         <object_component_ref idref="oc-6b1"/>
      </symbol>
      <symbol id="sm-d88">
         <name>_SlDrvRxIrqHandler</name>
         <value>0x2000d891</value>
         <object_component_ref idref="oc-272"/>
      </symbol>
      <symbol id="sm-d89">
         <name>_SlDrvSyncObjWaitForever</name>
         <value>0x2000e4dd</value>
         <object_component_ref idref="oc-363"/>
      </symbol>
      <symbol id="sm-d8a">
         <name>g_SlDeviceStatus</name>
         <value>0x200181ac</value>
         <object_component_ref idref="oc-26f"/>
      </symbol>
      <symbol id="sm-d8b">
         <name>_SlDrvCmdSend</name>
         <value>0x2000d20d</value>
         <object_component_ref idref="oc-89d"/>
      </symbol>
      <symbol id="sm-d8c">
         <name>_SlActionLookupTable</name>
         <value>0x2000eff4</value>
         <object_component_ref idref="oc-7d0"/>
      </symbol>
      <symbol id="sm-e34">
         <name>sl_NetAppMDNSUnRegisterService</name>
         <value>0x2000d4e9</value>
         <object_component_ref idref="oc-11c"/>
      </symbol>
      <symbol id="sm-e35">
         <name>_SlNetAppSendTokenValueCmdCtrl</name>
         <value>0x2000f150</value>
         <object_component_ref idref="oc-8a3"/>
      </symbol>
      <symbol id="sm-e36">
         <name>sl_NetAppDnsGetHostByName</name>
         <value>0x2000aa49</value>
         <object_component_ref idref="oc-15d"/>
      </symbol>
      <symbol id="sm-e37">
         <name>_sl_HandleAsync_DnsGetHostByName</name>
         <value>0x2000c71d</value>
         <object_component_ref idref="oc-827"/>
      </symbol>
      <symbol id="sm-e38">
         <name>_sl_HandleAsync_PingResponse</name>
         <value>0x2000c7ad</value>
         <object_component_ref idref="oc-7bc"/>
      </symbol>
      <symbol id="sm-e39">
         <name>_SlDrvNetAppEventHandler</name>
         <value>0x2000b14d</value>
         <object_component_ref idref="oc-7b6"/>
      </symbol>
      <symbol id="sm-e3a">
         <name>_sl_HandleAsync_DnsGetHostByService</name>
         <value>0x2000ba99</value>
         <object_component_ref idref="oc-82d"/>
      </symbol>
      <symbol id="sm-e3b">
         <name>_sl_NetAppSendTokenValue</name>
         <value>0x2000d279</value>
         <object_component_ref idref="oc-839"/>
      </symbol>
      <symbol id="sm-e3c">
         <name>sl_NetAppMDNSRegisterUnregisterService</name>
         <value>0x2000b8d9</value>
         <object_component_ref idref="oc-2e0"/>
      </symbol>
      <symbol id="sm-e5e">
         <name>sl_NetCfgSet</name>
         <value>0x2000c429</value>
         <object_component_ref idref="oc-110"/>
      </symbol>
      <symbol id="sm-ea6">
         <name>_SlNonOsSemSet</name>
         <value>0x2000e98d</value>
         <object_component_ref idref="oc-433"/>
      </symbol>
      <symbol id="sm-ea7">
         <name>_SlNonOsSpawn</name>
         <value>0x2000d421</value>
         <object_component_ref idref="oc-4dc"/>
      </symbol>
      <symbol id="sm-ea8">
         <name>_SlNonOsSemGet</name>
         <value>0x2000be75</value>
         <object_component_ref idref="oc-439"/>
      </symbol>
      <symbol id="sm-ea9">
         <name>_SlNonOsMainLoopTask</name>
         <value>0x2000d199</value>
         <object_component_ref idref="oc-e6"/>
      </symbol>
      <symbol id="sm-eaa">
         <name>g__SlNonOsCB</name>
         <value>0x20018130</value>
         <object_component_ref idref="oc-284"/>
      </symbol>
      <symbol id="sm-fab">
         <name>sl_Recv</name>
         <value>0x2000c1b9</value>
         <object_component_ref idref="oc-53c"/>
      </symbol>
      <symbol id="sm-fac">
         <name>sl_Send</name>
         <value>0x2000acc5</value>
         <object_component_ref idref="oc-542"/>
      </symbol>
      <symbol id="sm-fad">
         <name>_sl_HandleAsync_Connect</name>
         <value>0x2000cead</value>
         <object_component_ref idref="oc-84f"/>
      </symbol>
      <symbol id="sm-fae">
         <name>sl_Htonl</name>
         <value>0x2000de59</value>
         <object_component_ref idref="oc-169"/>
      </symbol>
      <symbol id="sm-faf">
         <name>sl_Htons</name>
         <value>0x2000e08d</value>
         <object_component_ref idref="oc-163"/>
      </symbol>
      <symbol id="sm-fb0">
         <name>sl_Connect</name>
         <value>0x2000a09d</value>
         <object_component_ref idref="oc-324"/>
      </symbol>
      <symbol id="sm-fb1">
         <name>sl_Socket</name>
         <value>0x2000cafd</value>
         <object_component_ref idref="oc-31e"/>
      </symbol>
      <symbol id="sm-fb2">
         <name>_sl_HandleAsync_Select</name>
         <value>0x2000d8e5</value>
         <object_component_ref idref="oc-855"/>
      </symbol>
      <symbol id="sm-fb3">
         <name>sl_Close</name>
         <value>0x2000d615</value>
         <object_component_ref idref="oc-32a"/>
      </symbol>
      <symbol id="sm-fb4">
         <name>_sl_HandleAsync_Accept</name>
         <value>0x2000d485</value>
         <object_component_ref idref="oc-849"/>
      </symbol>
      <symbol id="sm-fb5">
         <name>sl_SetSockOpt</name>
         <value>0x2000c4c1</value>
         <object_component_ref idref="oc-309"/>
      </symbol>
      <symbol id="sm-106f">
         <name>sl_WlanDisconnect</name>
         <value>0x2000e13d</value>
         <object_component_ref idref="oc-10a"/>
      </symbol>
      <symbol id="sm-1070">
         <name>sl_WlanPolicySet</name>
         <value>0x2000c83d</value>
         <object_component_ref idref="oc-fe"/>
      </symbol>
      <symbol id="sm-1071">
         <name>sl_WlanProfileDel</name>
         <value>0x2000d675</value>
         <object_component_ref idref="oc-104"/>
      </symbol>
      <symbol id="sm-1072">
         <name>sl_WlanRxFilterSet</name>
         <value>0x2000cda5</value>
         <object_component_ref idref="oc-125"/>
      </symbol>
      <symbol id="sm-1073">
         <name>sl_WlanConnect</name>
         <value>0x20008f95</value>
         <object_component_ref idref="oc-12f"/>
      </symbol>
      <symbol id="sm-1074">
         <name>sl_WlanSet</name>
         <value>0x2000c559</value>
         <object_component_ref idref="oc-116"/>
      </symbol>
      <symbol id="sm-1075">
         <name>sl_WlanSetMode</name>
         <value>0x2000d6d5</value>
         <object_component_ref idref="oc-ec"/>
      </symbol>
      <symbol id="sm-1195">
         <name>g_ucDinDout</name>
         <value>0x20017f20</value>
      </symbol>
      <symbol id="sm-1196">
         <name>g_cDummy</name>
         <value>0x20017fae</value>
      </symbol>
      <symbol id="sm-1197">
         <name>NwpMaskInterrupt</name>
         <value>0x2000eaf9</value>
         <object_component_ref idref="oc-4a1"/>
      </symbol>
      <symbol id="sm-1198">
         <name>NwpPrePowerOffTimout0</name>
         <value>0x2000e6a9</value>
         <object_component_ref idref="oc-299"/>
      </symbol>
      <symbol id="sm-1199">
         <name>NwpRegisterInterruptHandler</name>
         <value>0x2000df5d</value>
         <object_component_ref idref="oc-24e"/>
      </symbol>
      <symbol id="sm-119a">
         <name>g_pHostIntHdl</name>
         <value>0x200181cc</value>
         <object_component_ref idref="oc-48c"/>
      </symbol>
      <symbol id="sm-119b">
         <name>simplelink_timerA2_start</name>
         <value>0x2000e051</value>
         <object_component_ref idref="oc-79c"/>
      </symbol>
      <symbol id="sm-119c">
         <name>NwpUnMaskInterrupt</name>
         <value>0x2000eb05</value>
         <object_component_ref idref="oc-4af"/>
      </symbol>
      <symbol id="sm-119d">
         <name>NwpPowerOff</name>
         <value>0x2000e105</value>
         <object_component_ref idref="oc-248"/>
      </symbol>
      <symbol id="sm-119e">
         <name>TimerGetCurrentTimestamp</name>
         <value>0x2000e6c9</value>
         <object_component_ref idref="oc-715"/>
      </symbol>
      <symbol id="sm-119f">
         <name>spi_Read</name>
         <value>0x2000b43d</value>
         <object_component_ref idref="oc-733"/>
      </symbol>
      <symbol id="sm-11a0">
         <name>DmaSpiSwIntHandler</name>
         <value>0x2000e551</value>
         <object_component_ref idref="oc-492"/>
      </symbol>
      <symbol id="sm-11a1">
         <name>NwpPowerOn</name>
         <value>0x2000e335</value>
         <object_component_ref idref="oc-254"/>
      </symbol>
      <symbol id="sm-11a2">
         <name>spi_Close</name>
         <value>0x2000d0a9</value>
         <object_component_ref idref="oc-29f"/>
      </symbol>
      <symbol id="sm-11a3">
         <name>spi_Write</name>
         <value>0x2000c5f1</value>
         <object_component_ref idref="oc-68b"/>
      </symbol>
      <symbol id="sm-11a4">
         <name>spi_Open</name>
         <value>0x2000a7bd</value>
         <object_component_ref idref="oc-23c"/>
      </symbol>
      <symbol id="sm-11a5">
         <name>g_ucDMAEnabled</name>
         <value>0x200181d0</value>
         <object_component_ref idref="oc-48c"/>
      </symbol>
      <symbol id="sm-11a6">
         <name>g_SpiFd</name>
         <value>0x200181c8</value>
         <object_component_ref idref="oc-48c"/>
      </symbol>
      <symbol id="sm-12d8">
         <name>HTTPCli_setRequestFields</name>
         <value>0x200072cd</value>
         <object_component_ref idref="oc-135"/>
      </symbol>
      <symbol id="sm-12d9">
         <name>HTTPCli_setSecureParams</name>
         <value>0x20007319</value>
         <object_component_ref idref="oc-135"/>
      </symbol>
      <symbol id="sm-12da">
         <name>HTTPCli_create</name>
         <value>0x20007201</value>
         <object_component_ref idref="oc-135"/>
      </symbol>
      <symbol id="sm-12db">
         <name>HTTPCli_construct</name>
         <value>0x200071b9</value>
         <object_component_ref idref="oc-135"/>
      </symbol>
      <symbol id="sm-12dc">
         <name>HTTPCli_getResponseField</name>
         <value>0x200074cd</value>
         <object_component_ref idref="oc-135"/>
      </symbol>
      <symbol id="sm-12dd">
         <name>HTTPCli_readRawResponseBody</name>
         <value>0x200076dd</value>
         <object_component_ref idref="oc-135"/>
      </symbol>
      <symbol id="sm-12de">
         <name>HTTPCli_connect</name>
         <value>0x20007097</value>
         <object_component_ref idref="oc-135"/>
      </symbol>
      <symbol id="sm-12df">
         <name>HTTPCli_sendRequest</name>
         <value>0x20007339</value>
         <object_component_ref idref="oc-135"/>
      </symbol>
      <symbol id="sm-12e0">
         <name>HTTPCli_readResponseBody</name>
         <value>0x20007651</value>
         <object_component_ref idref="oc-135"/>
      </symbol>
      <symbol id="sm-12e1">
         <name>HTTPCli_sendField</name>
         <value>0x20007407</value>
         <object_component_ref idref="oc-135"/>
      </symbol>
      <symbol id="sm-12e2">
         <name>HTTPCli_delete</name>
         <value>0x20007219</value>
         <object_component_ref idref="oc-135"/>
      </symbol>
      <symbol id="sm-12e3">
         <name>HTTPCli_destruct</name>
         <value>0x2000724f</value>
         <object_component_ref idref="oc-135"/>
      </symbol>
      <symbol id="sm-12e4">
         <name>HTTPCli_setProxy</name>
         <value>0x2000771d</value>
         <object_component_ref idref="oc-135"/>
      </symbol>
      <symbol id="sm-12e5">
         <name>bufferedRecv</name>
         <value>0x200067b3</value>
         <object_component_ref idref="oc-135"/>
      </symbol>
      <symbol id="sm-12e6">
         <name>HTTPCli_initSockAddr</name>
         <value>0x20006f89</value>
         <object_component_ref idref="oc-135"/>
      </symbol>
      <symbol id="sm-12e7">
         <name>HTTPCli_getResponseStatus</name>
         <value>0x20007497</value>
         <object_component_ref idref="oc-135"/>
      </symbol>
      <symbol id="sm-12e8">
         <name>HTTPCli_disconnect</name>
         <value>0x20007297</value>
         <object_component_ref idref="oc-135"/>
      </symbol>
      <symbol id="sm-12e9">
         <name>HTTPCli_setResponseFields</name>
         <value>0x200072f3</value>
         <object_component_ref idref="oc-135"/>
      </symbol>
      <symbol id="sm-12ea">
         <name>HTTPCli_sendRequestBody</name>
         <value>0x2000745f</value>
         <object_component_ref idref="oc-135"/>
      </symbol>
      <symbol id="sm-131f">
         <name>Ssock_startSecure</name>
         <value>0x20008cdb</value>
         <object_component_ref idref="oc-2fa"/>
      </symbol>
      <symbol id="sm-1320">
         <name>Ssock_recv</name>
         <value>0x20008b23</value>
         <object_component_ref idref="oc-2fa"/>
      </symbol>
      <symbol id="sm-1321">
         <name>Ssock_delete</name>
         <value>0x20008a9b</value>
         <object_component_ref idref="oc-2fa"/>
      </symbol>
      <symbol id="sm-1322">
         <name>Ssock_send</name>
         <value>0x20008bc1</value>
         <object_component_ref idref="oc-2fa"/>
      </symbol>
      <symbol id="sm-1323">
         <name>Ssock_getSocket</name>
         <value>0x20008b15</value>
         <object_component_ref idref="oc-2fa"/>
      </symbol>
      <symbol id="sm-1324">
         <name>Ssock_recvall</name>
         <value>0x20008b7d</value>
         <object_component_ref idref="oc-2fa"/>
      </symbol>
      <symbol id="sm-1325">
         <name>Ssock_construct</name>
         <value>0x20008a41</value>
         <object_component_ref idref="oc-2fa"/>
      </symbol>
      <symbol id="sm-1326">
         <name>Ssock_create</name>
         <value>0x20008a81</value>
         <object_component_ref idref="oc-2fa"/>
      </symbol>
      <symbol id="sm-1327">
         <name>Ssock_destruct</name>
         <value>0x20008ac3</value>
         <object_component_ref idref="oc-2fa"/>
      </symbol>
      <symbol id="sm-137d">
         <name>jsmn_init</name>
         <value>0x20007d03</value>
         <object_component_ref idref="oc-141"/>
      </symbol>
      <symbol id="sm-137e">
         <name>jsmn_parse</name>
         <value>0x200079f1</value>
         <object_component_ref idref="oc-141"/>
      </symbol>
      <symbol id="sm-138d">
         <name>strcmp</name>
         <value>0x2000e9d5</value>
         <object_component_ref idref="oc-300"/>
      </symbol>
      <symbol id="sm-139b">
         <name>strcpy</name>
         <value>0x2000ea95</value>
         <object_component_ref idref="oc-312"/>
      </symbol>
      <symbol id="sm-1456">
         <name>SPIFIFODisable</name>
         <value>0x2000e8af</value>
         <object_component_ref idref="oc-513"/>
      </symbol>
      <symbol id="sm-1457">
         <name>SPICSEnable</name>
         <value>0x2000e92d</value>
         <object_component_ref idref="oc-74a"/>
      </symbol>
      <symbol id="sm-1458">
         <name>SPIDisable</name>
         <value>0x2000e945</value>
         <object_component_ref idref="oc-44a"/>
      </symbol>
      <symbol id="sm-1459">
         <name>SPIFIFOEnable</name>
         <value>0x2000e8c9</value>
         <object_component_ref idref="oc-468"/>
      </symbol>
      <symbol id="sm-145a">
         <name>SPIWordCountSet</name>
         <value>0x2000e625</value>
         <object_component_ref idref="oc-750"/>
      </symbol>
      <symbol id="sm-145b">
         <name>SPIEnable</name>
         <value>0x2000e95d</value>
         <object_component_ref idref="oc-486"/>
      </symbol>
      <symbol id="sm-145c">
         <name>SPIDmaEnable</name>
         <value>0x2000e895</value>
         <object_component_ref idref="oc-46e"/>
      </symbol>
      <symbol id="sm-145d">
         <name>SPIConfigSetExpClk</name>
         <value>0x2000c119</value>
         <object_component_ref idref="oc-456"/>
      </symbol>
      <symbol id="sm-145e">
         <name>SPIIntUnregister</name>
         <value>0x2000e8e3</value>
         <object_component_ref idref="oc-50d"/>
      </symbol>
      <symbol id="sm-145f">
         <name>SPIFIFOLevelSet</name>
         <value>0x2000e1e1</value>
         <object_component_ref idref="oc-474"/>
      </symbol>
      <symbol id="sm-1460">
         <name>SPIDmaDisable</name>
         <value>0x2000e87b</value>
         <object_component_ref idref="oc-519"/>
      </symbol>
      <symbol id="sm-1461">
         <name>SPIReset</name>
         <value>0x2000e603</value>
         <object_component_ref idref="oc-450"/>
      </symbol>
      <symbol id="sm-1462">
         <name>SPIIntEnable</name>
         <value>0x2000d989</value>
         <object_component_ref idref="oc-480"/>
      </symbol>
      <symbol id="sm-1463">
         <name>SPIIntClear</name>
         <value>0x2000dbe5</value>
         <object_component_ref idref="oc-666"/>
      </symbol>
      <symbol id="sm-1464">
         <name>SPICSDisable</name>
         <value>0x2000e915</value>
         <object_component_ref idref="oc-444"/>
      </symbol>
      <symbol id="sm-1497">
         <name>TimerLoadSet</name>
         <value>0x2000e3e5</value>
         <object_component_ref idref="oc-80b"/>
      </symbol>
      <symbol id="sm-1498">
         <name>TimerEnable</name>
         <value>0x2000e747</value>
         <object_component_ref idref="oc-811"/>
      </symbol>
      <symbol id="sm-1499">
         <name>TimerValueGet</name>
         <value>0x2000e7a1</value>
         <object_component_ref idref="oc-7a2"/>
      </symbol>
      <symbol id="sm-149a">
         <name>TimerPrescaleSet</name>
         <value>0x2000e40f</value>
         <object_component_ref idref="oc-805"/>
      </symbol>
      <symbol id="sm-149b">
         <name>TimerConfigure</name>
         <value>0x2000dd49</value>
         <object_component_ref idref="oc-7ff"/>
      </symbol>
      <symbol id="sm-14f2">
         <name>uDMAChannelControlSet</name>
         <value>0x2000e0c9</value>
         <object_component_ref idref="oc-863"/>
      </symbol>
      <symbol id="sm-14f3">
         <name>uDMAChannelAttributeEnable</name>
         <value>0x2000d5b1</value>
         <object_component_ref idref="oc-869"/>
      </symbol>
      <symbol id="sm-14f4">
         <name>uDMAChannelTransferSet</name>
         <value>0x2000b52d</value>
         <object_component_ref idref="oc-86f"/>
      </symbol>
      <symbol id="sm-14f5">
         <name>uDMAChannelAssign</name>
         <value>0x2000db51</value>
         <object_component_ref idref="oc-644"/>
      </symbol>
      <symbol id="sm-14f6">
         <name>uDMAChannelAttributeDisable</name>
         <value>0x2000d54d</value>
         <object_component_ref idref="oc-64a"/>
      </symbol>
      <symbol id="sm-14f7">
         <name>uDMAChannelEnable</name>
         <value>0x2000e811</value>
         <object_component_ref idref="oc-875"/>
      </symbol>
      <symbol id="sm-14f8">
         <name>__TI_static_base__</name>
         <value>0x2000f188</value>
      </symbol>
      <symbol id="sm-14fb">
         <name>SHT$$INIT_ARRAY$$Limit</name>
         <value>0x0</value>
      </symbol>
      <symbol id="sm-14fc">
         <name>SHT$$INIT_ARRAY$$Base</name>
         <value>0x0</value>
      </symbol>
   </symbol_table>
   <title>Link successful</title>
</link_info>
